Archive member included to satisfy reference by file (symbol)

C:/NXP/S32DS_Power_v2.1/S32DS/software/AMMCLIB_1.1.15/MPC574xP_AMMCLIB_v1.1.15/lib/s32ds_ppc\MPC574xP_AMMCLIB.a(GFLIB_Sign_c.o)
                              ./src/pga411.o (GFLIB_Sign_FLT)
C:/NXP/S32DS_Power_v2.1/S32DS/software/AMMCLIB_1.1.15/MPC574xP_AMMCLIB_v1.1.15/lib/s32ds_ppc\MPC574xP_AMMCLIB.a(GFLIB_SinCos_c.o)
                              ./src/Cmd_moteur.o (GFLIB_SinCos_FLT)
C:/NXP/S32DS_Power_v2.1/S32DS/software/AMMCLIB_1.1.15/MPC574xP_AMMCLIB_v1.1.15/lib/s32ds_ppc\MPC574xP_AMMCLIB.a(GMCLIB_ClarkInv_c.o)
                              ./src/Cmd_moteur.o (GMCLIB_ClarkInv_FLT)
C:/NXP/S32DS_Power_v2.1/S32DS/software/AMMCLIB_1.1.15/MPC574xP_AMMCLIB_v1.1.15/lib/s32ds_ppc\MPC574xP_AMMCLIB.a(GMCLIB_Clark_c.o)
                              ./src/modele_moteur_virtuel.o (GMCLIB_Clark_FLT)
C:/NXP/S32DS_Power_v2.1/S32DS/software/AMMCLIB_1.1.15/MPC574xP_AMMCLIB_v1.1.15/lib/s32ds_ppc\MPC574xP_AMMCLIB.a(GMCLIB_ParkInv_c.o)
                              ./src/Cmd_moteur.o (GMCLIB_ParkInv_FLT)
C:/NXP/S32DS_Power_v2.1/S32DS/software/AMMCLIB_1.1.15/MPC574xP_AMMCLIB_v1.1.15/lib/s32ds_ppc\MPC574xP_AMMCLIB.a(GMCLIB_Park_c.o)
                              ./src/modele_moteur_virtuel.o (GMCLIB_Park_FLT)
c:/nxp/s32ds_power_v2.1/s32ds/build_tools/powerpc-eabivle-4_9/bin/../lib/gcc/powerpc-eabivle/4.9.4/e200z4/fp\libgcc.a(_sf_to_df.o)
                              ./src/Cmd_moteur.o (__extendsfdf2)
c:/nxp/s32ds_power_v2.1/s32ds/build_tools/powerpc-eabivle-4_9/bin/../lib/gcc/powerpc-eabivle/4.9.4/e200z4/fp\libgcc.a(_gt_df.o)
                              ./src/Cmd_moteur.o (__gtdf2)
c:/nxp/s32ds_power_v2.1/s32ds/build_tools/powerpc-eabivle-4_9/bin/../lib/gcc/powerpc-eabivle/4.9.4/e200z4/fp\libgcc.a(_lt_df.o)
                              ./src/Cmd_moteur.o (__ltdf2)
c:/nxp/s32ds_power_v2.1/s32ds/build_tools/powerpc-eabivle-4_9/bin/../lib/gcc/powerpc-eabivle/4.9.4/e200z4/fp\libgcc.a(_le_df.o)
                              ./src/pga411.o (__ledf2)
c:/nxp/s32ds_power_v2.1/s32ds/build_tools/powerpc-eabivle-4_9/bin/../lib/gcc/powerpc-eabivle/4.9.4/e200z4/fp\libgcc.a(_make_df.o)
                              c:/nxp/s32ds_power_v2.1/s32ds/build_tools/powerpc-eabivle-4_9/bin/../lib/gcc/powerpc-eabivle/4.9.4/e200z4/fp\libgcc.a(_sf_to_df.o) (__make_dp)
c:/nxp/s32ds_power_v2.1/s32ds/build_tools/powerpc-eabivle-4_9/bin/../lib/gcc/powerpc-eabivle/4.9.4/e200z4/fp\libgcc.a(eabivle.o)
                              ./src/main.o (__eabi)
c:/nxp/s32ds_power_v2.1/s32ds/build_tools/powerpc-eabivle-4_9/bin/../lib/gcc/powerpc-eabivle/4.9.4/e200z4/fp\libgcc.a(_unpack_sf.o)
                              c:/nxp/s32ds_power_v2.1/s32ds/build_tools/powerpc-eabivle-4_9/bin/../lib/gcc/powerpc-eabivle/4.9.4/e200z4/fp\libgcc.a(_sf_to_df.o) (__unpack_f)
c:/nxp/s32ds_power_v2.1/s32ds/build_tools/powerpc-eabivle-4_9/bin/../lib/gcc/powerpc-eabivle/4.9.4/e200z4/fp\libgcc.a(_pack_df.o)
                              c:/nxp/s32ds_power_v2.1/s32ds/build_tools/powerpc-eabivle-4_9/bin/../lib/gcc/powerpc-eabivle/4.9.4/e200z4/fp\libgcc.a(_make_df.o) (__pack_d)
c:/nxp/s32ds_power_v2.1/s32ds/build_tools/powerpc-eabivle-4_9/bin/../lib/gcc/powerpc-eabivle/4.9.4/e200z4/fp\libgcc.a(_unpack_df.o)
                              c:/nxp/s32ds_power_v2.1/s32ds/build_tools/powerpc-eabivle-4_9/bin/../lib/gcc/powerpc-eabivle/4.9.4/e200z4/fp\libgcc.a(_gt_df.o) (__unpack_d)
c:/nxp/s32ds_power_v2.1/s32ds/build_tools/powerpc-eabivle-4_9/bin/../lib/gcc/powerpc-eabivle/4.9.4/e200z4/fp\libgcc.a(_fpcmp_parts_df.o)
                              c:/nxp/s32ds_power_v2.1/s32ds/build_tools/powerpc-eabivle-4_9/bin/../lib/gcc/powerpc-eabivle/4.9.4/e200z4/fp\libgcc.a(_gt_df.o) (__fpcmp_parts_d)

Allocating common symbols
Common symbol       size              file

Iphase_A_k          0xc               ./src/modele_moteur_virtuel.o
Commande_Vitesse    0x4               ./src/Cmd_moteur.o
const_calcul_RPM_Radian
                    0x4               ./src/Cmd_moteur.o
Delay_Trig_us       0x4               ./src/Cmd_moteur.o
cte_calcul_RPM_from_deg_us
                    0x4               ./src/Cmd_moteur.o
DutyDefaultGD3000   0x4               ./src/gd3000.o
pcm_pRecVarAddr     0x20              ./FreeMaster_MPC57xxx/src_common/freemaster_rec.o
cptr_slow_loop      0x4               ./src/Cmd_moteur.o
pcm_wRecBuffStartIx
                    0x2               ./FreeMaster_MPC57xxx/src_common/freemaster_rec.o
Config_PGA411_OK    0x1               ./src/main.o
terme1_calc_vitesse
                    0x4               ./src/modele_moteur_virtuel.o
Cmd_DutyA           0x2               ./src/Cmd_moteur.o
Iphase              0xc               ./src/Current_Sensor.o
Offset_Mes_Iph_mV   0xc               ./src/Current_Sensor.o
Uabc_n_1            0xc               ./src/modele_moteur_virtuel.o
velocity_rotor_elec
                    0x4               ./src/Cmd_moteur.o
velocity_rotor_meca
                    0x4               ./src/Cmd_moteur.o
[...]
Memory Configuration

Name             Origin             Length             Attributes
flash_rchw       0x00fa0000         0x00000004
cpu0_reset_vec   0x00fa0004         0x00000004
m_text           0x01000000         0x00200000
m_data           0x40000000         0x00060000
local_dmem       0x50800000         0x00010000
*default*        0x00000000         0xffffffff

Linker script and memory map

LOAD c:/nxp/s32ds_power_v2.1/s32ds/build_tools/powerpc-eabivle-4_9/bin/../lib/gcc/powerpc-eabivle/4.9.4/e200z4/fp/ecrti.o
LOAD c:/nxp/s32ds_power_v2.1/s32ds/build_tools/powerpc-eabivle-4_9/bin/../lib/gcc/powerpc-eabivle/4.9.4/e200z4/fp/crtbegin.o
LOAD ./FreeMaster_MPC57xxx/src_common/freemaster_appcmd.o
LOAD ./FreeMaster_MPC57xxx/src_common/freemaster_bdm.o
LOAD ./FreeMaster_MPC57xxx/src_common/freemaster_can.o
LOAD ./FreeMaster_MPC57xxx/src_common/freemaster_lin.o
LOAD ./FreeMaster_MPC57xxx/src_common/freemaster_pipes.o
LOAD ./FreeMaster_MPC57xxx/src_common/freemaster_protocol.o
LOAD ./FreeMaster_MPC57xxx/src_common/freemaster_rec.o
LOAD ./FreeMaster_MPC57xxx/src_common/freemaster_scope.o
LOAD ./FreeMaster_MPC57xxx/src_common/freemaster_serial.o
LOAD ./FreeMaster_MPC57xxx/src_common/freemaster_sfio.o
LOAD ./FreeMaster_MPC57xxx/src_common/freemaster_tsa.o
LOAD ./FreeMaster_MPC57xxx/src_platforms/MPC57xx/freemaster_MPC57xx.o
LOAD ./Project_Settings/Startup_Code/startup.o
LOAD ./src/ClockConfig.o
LOAD ./src/Cmd_moteur.o
LOAD ./src/ConfigADC.o
LOAD ./src/ConfigCTU.o
LOAD ./src/ConfigGPIO.o
LOAD ./src/ConfigPIT.o
LOAD ./src/ConfigPWM.o
LOAD ./src/Config_eDMA.o
LOAD ./src/Current_Sensor.o
LOAD ./src/DSPIConfig.o
LOAD ./src/MPC57xx__Interrupt_Init.o
LOAD ./src/ModeEntryAndConfig.o
LOAD ./src/UARTConfig.o
LOAD ./src/User_Interface.o
LOAD ./src/Vector.o
LOAD ./src/eTimer.o
LOAD ./src/flashrchw.o
LOAD ./src/gd3000.o
LOAD ./src/intc_SW_mode_isr_vectors_MPC5744P.o
LOAD ./src/intc_sw_handlers.o
LOAD ./src/main.o
LOAD ./src/modele_moteur_virtuel.o
LOAD ./src/pga411.o
LOAD C:/NXP/S32DS_Power_v2.1/S32DS/software/AMMCLIB_1.1.15/MPC574xP_AMMCLIB_v1.1.15/lib/s32ds_ppc\MPC574xP_AMMCLIB.a
LOAD C:/NXP/S32DS_Power_v2.1/S32DS/build_tools/e200_ewl2/lib/e200z4/fp\libstdc++.a
LOAD C:/NXP/S32DS_Power_v2.1/S32DS/build_tools/e200_ewl2/lib/e200z4/fp\libm.a
START GROUP
LOAD C:/NXP/S32DS_Power_v2.1/S32DS/build_tools/e200_ewl2/lib/e200z4/fp\libc99.a
LOAD C:/NXP/S32DS_Power_v2.1/S32DS/build_tools/e200_ewl2/lib/e200z4/fp\libm.a
LOAD c:/nxp/s32ds_power_v2.1/s32ds/build_tools/powerpc-eabivle-4_9/bin/../lib/gcc/powerpc-eabivle/4.9.4/e200z4/fp\libgcc.a
LOAD C:/NXP/S32DS_Power_v2.1/S32DS/build_tools/e200_ewl2/lib/e200z4/fp\librt.a
END GROUP
LOAD c:/nxp/s32ds_power_v2.1/s32ds/build_tools/powerpc-eabivle-4_9/bin/../lib/gcc/powerpc-eabivle/4.9.4/e200z4/fp/crtend.o
LOAD c:/nxp/s32ds_power_v2.1/s32ds/build_tools/powerpc-eabivle-4_9/bin/../lib/gcc/powerpc-eabivle/4.9.4/e200z4/fp/ecrtn.o
                0x00000000                __HEAP_SIZE = 0x0
                0x00001000                __STACK_SIZE = 0x1000
                0x00060000                SRAM_SIZE = 0x60000
                0x40000000                SRAM_BASE_ADDR = 0x40000000
                0x00010000                LOCALDMEM_SIZE = 0x10000
                0x50800000                LOCALDMEM_BASE_ADDR = 0x50800000

.rchw           0x00fa0000        0x4
 *(.rchw)
 .rchw          0x00fa0000        0x4 ./src/flashrchw.o
                0x00fa0000                RCHW1

.cpu0_reset_vector
                0x00fa0004        0x4
 *(.cpu0_reset_vector)
 .cpu0_reset_vector
                0x00fa0004        0x4 ./src/flashrchw.o
                0x00fa0004                RCHW2

.startup        0x01000000      0x212
                0x01000000                __start = .
 *(.startup)
 .startup       0x01000000      0x212 ./Project_Settings/Startup_Code/startup.o
                0x01000000                _start
                0x0100020e                _fini

.core_exceptions_table
                0x01001000       0xf4
                0x01001000                __IVPR_VALUE = .
 *(.core_exceptions_table)
 .core_exceptions_table
                0x01001000       0xf4 ./src/Vector.o
                0x01001000                VTABLE
                0x01001000                IVOR0_Vector
                0x01001010                IVOR1_Vector
                0x01001020                IVOR2_Vector
                0x01001030                IVOR3_Vector
                0x01001040                IVOR4_Vector
                0x01001050                IVOR5_Vector
                0x01001060                IVOR6_Vector
                0x01001070                IVOR7_Vector
                0x01001080                IVOR8_Vector
                0x01001090                IVOR9_Vector
                0x010010a0                IVOR10_Vector
                0x010010b0                IVOR11_Vector
                0x010010c0                IVOR12_Vector
                0x010010d0                IVOR13_Vector
                0x010010e0                IVOR14_Vector
                0x010010f0                IVOR15_Vector

.intc_vector_table
                0x01002000      0xb78
 *(.intc_vector_table)
 .intc_vector_table
                0x01002000      0xb78 ./src/intc_SW_mode_isr_vectors_MPC5744P.o
                0x01002000                IntcIsrVectorTable

.text           0x01002b80     0xc370
 *(.text.startup)
 *(.text)
 .text          0x01002b80      0x16c c:/nxp/s32ds_power_v2.1/s32ds/build_tools/powerpc-eabivle-4_9/bin/../lib/gcc/powerpc-eabivle/4.9.4/e200z4/fp/crtbegin.o
 *fill*         0x01002cec        0x4 
 .text          0x01002cf0       0x48 ./src/intc_sw_handlers.o
                0x01002cf0                IVOR4_Handler
 .text          0x01002d38       0x38 c:/nxp/s32ds_power_v2.1/s32ds/build_tools/powerpc-eabivle-4_9/bin/../lib/gcc/powerpc-eabivle/4.9.4/e200z4/fp\libgcc.a(_sf_to_df.o)
                0x01002d38                __extendsfdf2
 .text          0x01002d70       0x64 c:/nxp/s32ds_power_v2.1/s32ds/build_tools/powerpc-eabivle-4_9/bin/../lib/gcc/powerpc-eabivle/4.9.4/e200z4/fp\libgcc.a(_gt_df.o)
                0x01002d70                __gtdf2
 .text          0x01002dd4       0x64 c:/nxp/s32ds_power_v2.1/s32ds/build_tools/powerpc-eabivle-4_9/bin/../lib/gcc/powerpc-eabivle/4.9.4/e200z4/fp\libgcc.a(_lt_df.o)
                0x01002dd4                __ltdf2
 .text          0x01002e38       0x26 c:/nxp/s32ds_power_v2.1/s32ds/build_tools/powerpc-eabivle-4_9/bin/../lib/gcc/powerpc-eabivle/4.9.4/e200z4/fp\libgcc.a(_make_df.o)
                0x01002e38                __make_dp
 .text          0x01002e5e       0x4a c:/nxp/s32ds_power_v2.1/s32ds/build_tools/powerpc-eabivle-4_9/bin/../lib/gcc/powerpc-eabivle/4.9.4/e200z4/fp\libgcc.a(eabivle.o)
                0x01002e5e                __eabi
 .text          0x01002ea8       0x80 c:/nxp/s32ds_power_v2.1/s32ds/build_tools/powerpc-eabivle-4_9/bin/../lib/gcc/powerpc-eabivle/4.9.4/e200z4/fp\libgcc.a(_unpack_sf.o)
                0x01002ea8                __unpack_f
 .text          0x01002f28      0x1e6 c:/nxp/s32ds_power_v2.1/s32ds/build_tools/powerpc-eabivle-4_9/bin/../lib/gcc/powerpc-eabivle/4.9.4/e200z4/fp\libgcc.a(_pack_df.o)
                0x01002f28                __pack_d
 *fill*         0x0100310e        0x2 
 .text          0x01003110       0xb0 c:/nxp/s32ds_power_v2.1/s32ds/build_tools/powerpc-eabivle-4_9/bin/../lib/gcc/powerpc-eabivle/4.9.4/e200z4/fp\libgcc.a(_unpack_df.o)
                0x01003110                __unpack_d
 .text          0x010031c0       0xc6 c:/nxp/s32ds_power_v2.1/s32ds/build_tools/powerpc-eabivle-4_9/bin/../lib/gcc/powerpc-eabivle/4.9.4/e200z4/fp\libgcc.a(_fpcmp_parts_df.o)
                0x010031c0                __fpcmp_parts_d
 *fill*         0x01003286        0x2 
 .text          0x01003288       0x48 c:/nxp/s32ds_power_v2.1/s32ds/build_tools/powerpc-eabivle-4_9/bin/../lib/gcc/powerpc-eabivle/4.9.4/e200z4/fp/crtend.o
 *(.text.*)
 .text.FMSTR_InitAppCmds
                0x010032d0       0x82 ./FreeMaster_MPC57xxx/src_common/freemaster_appcmd.o
                0x010032d0                FMSTR_InitAppCmds
 *fill*         0x01003352        0x2 
 .text.FMSTR_StoreAppCmd
                0x01003354      0x132 ./FreeMaster_MPC57xxx/src_common/freemaster_appcmd.o
                0x01003354                FMSTR_StoreAppCmd
 *fill*         0x01003486        0x2 
 .text.FMSTR_GetAppCmdStatus
                0x01003488       0xe0 ./FreeMaster_MPC57xxx/src_common/freemaster_appcmd.o
                0x01003488                FMSTR_GetAppCmdStatus
 .text.FMSTR_GetAppCmdRespData
                0x01003568      0x116 ./FreeMaster_MPC57xxx/src_common/freemaster_appcmd.o
                0x01003568                FMSTR_GetAppCmdRespData
 *fill*         0x0100367e        0x2 
 .text.FMSTR_FindAppCmdCallIndex
                0x01003680       0x84 ./FreeMaster_MPC57xxx/src_common/freemaster_appcmd.o
 .text.FMSTR_InitPipes
                0x01003704       0x66 ./FreeMaster_MPC57xxx/src_common/freemaster_pipes.o
                0x01003704                FMSTR_InitPipes
 *fill*         0x0100376a        0x2 
 .text.FMSTR_FindPipe
                0x0100376c       0x86 ./FreeMaster_MPC57xxx/src_common/freemaster_pipes.o
 *fill*         0x010037f2        0x2 
 .text.FMSTR_PipeGetBytesFree
                0x010037f4       0x9a ./FreeMaster_MPC57xxx/src_common/freemaster_pipes.o
 *fill*         0x0100388e        0x2 
 .text.FMSTR_PipeGetBytesReady
                0x01003890       0x9c ./FreeMaster_MPC57xxx/src_common/freemaster_pipes.o
 .text.FMSTR_PipeDiscardBytes
                0x0100392c       0xd0 ./FreeMaster_MPC57xxx/src_common/freemaster_pipes.o
 .text.FMSTR_PipeReceive
                0x010039fc      0x178 ./FreeMaster_MPC57xxx/src_common/freemaster_pipes.o
 .text.FMSTR_PipeTransmit
                0x01003b74      0x118 ./FreeMaster_MPC57xxx/src_common/freemaster_pipes.o
 .text.FMSTR_PipeFrame
                0x01003c8c      0x338 ./FreeMaster_MPC57xxx/src_common/freemaster_pipes.o
                0x01003c8c                FMSTR_PipeFrame
 .text.FMSTR_Init
                0x01003fc4       0x54 ./FreeMaster_MPC57xxx/src_common/freemaster_protocol.o
                0x01003fc4                FMSTR_Init
 .text.FMSTR_ProtocolDecoder
                0x01004018      0x37e ./FreeMaster_MPC57xxx/src_common/freemaster_protocol.o
                0x01004018                FMSTR_ProtocolDecoder
 *fill*         0x01004396        0x2 
 .text.FMSTR_GetBoardInfo
                0x01004398      0x104 ./FreeMaster_MPC57xxx/src_common/freemaster_protocol.o
                0x01004398                FMSTR_GetBoardInfo
 .text.FMSTR_ReadMem
                0x0100449c       0x9a ./FreeMaster_MPC57xxx/src_common/freemaster_protocol.o
                0x0100449c                FMSTR_ReadMem
 *fill*         0x01004536        0x2 
 .text.FMSTR_ReadVar
                0x01004538       0x62 ./FreeMaster_MPC57xxx/src_common/freemaster_protocol.o
                0x01004538                FMSTR_ReadVar
 *fill*         0x0100459a        0x2 
 .text.FMSTR_WriteMem
                0x0100459c       0x6c ./FreeMaster_MPC57xxx/src_common/freemaster_protocol.o
                0x0100459c                FMSTR_WriteMem
 .text.FMSTR_WriteMemMask
                0x01004608       0x6c ./FreeMaster_MPC57xxx/src_common/freemaster_protocol.o
                0x01004608                FMSTR_WriteMemMask
 .text.FMSTR_InitRec
                0x01004674       0x2e ./FreeMaster_MPC57xxx/src_common/freemaster_rec.o
                0x01004674                FMSTR_InitRec
 *fill*         0x010046a2        0x2 
 .text.FMSTR_AbortRec
                0x010046a4       0x1e ./FreeMaster_MPC57xxx/src_common/freemaster_rec.o
 *fill*         0x010046c2        0x2 
 .text.FMSTR_SetUpRec
                0x010046c4      0x3fe ./FreeMaster_MPC57xxx/src_common/freemaster_rec.o
                0x010046c4                FMSTR_SetUpRec
 *fill*         0x01004ac2        0x2 
 .text.FMSTR_TriggerRec
                0x01004ac4       0x5a ./FreeMaster_MPC57xxx/src_common/freemaster_rec.o
                0x01004ac4                FMSTR_TriggerRec
 *fill*         0x01004b1e        0x2 
 .text.FMSTR_StartRec
                0x01004b20       0xda ./FreeMaster_MPC57xxx/src_common/freemaster_rec.o
                0x01004b20                FMSTR_StartRec
 *fill*         0x01004bfa        0x2 
 .text.FMSTR_StopRec
                0x01004bfc       0x8c ./FreeMaster_MPC57xxx/src_common/freemaster_rec.o
                0x01004bfc                FMSTR_StopRec
 .text.FMSTR_GetRecStatus
                0x01004c88       0x7c ./FreeMaster_MPC57xxx/src_common/freemaster_rec.o
                0x01004c88                FMSTR_GetRecStatus
 .text.FMSTR_GetRecBuffSize
                0x01004d04       0x18 ./FreeMaster_MPC57xxx/src_common/freemaster_rec.o
                0x01004d04                FMSTR_GetRecBuffSize
 .text.FMSTR_GetRecBuff
                0x01004d1c       0xae ./FreeMaster_MPC57xxx/src_common/freemaster_rec.o
                0x01004d1c                FMSTR_GetRecBuff
 *fill*         0x01004dca        0x2 
 .text.FMSTR_Compare8S
                0x01004dcc       0x40 ./FreeMaster_MPC57xxx/src_common/freemaster_rec.o
 .text.FMSTR_Compare8U
                0x01004e0c       0x40 ./FreeMaster_MPC57xxx/src_common/freemaster_rec.o
 .text.FMSTR_Compare16S
                0x01004e4c       0x40 ./FreeMaster_MPC57xxx/src_common/freemaster_rec.o
 .text.FMSTR_Compare16U
                0x01004e8c       0x40 ./FreeMaster_MPC57xxx/src_common/freemaster_rec.o
 .text.FMSTR_Compare32S
                0x01004ecc       0x3a ./FreeMaster_MPC57xxx/src_common/freemaster_rec.o
 *fill*         0x01004f06        0x2 
 .text.FMSTR_Compare32U
                0x01004f08       0x3a ./FreeMaster_MPC57xxx/src_common/freemaster_rec.o
 *fill*         0x01004f42        0x2 
 .text.FMSTR_InitScope
                0x01004f44       0x14 ./FreeMaster_MPC57xxx/src_common/freemaster_scope.o
                0x01004f44                FMSTR_InitScope
 .text.FMSTR_SetUpScope
                0x01004f58      0x15c ./FreeMaster_MPC57xxx/src_common/freemaster_scope.o
                0x01004f58                FMSTR_SetUpScope
 .text.FMSTR_ReadScope
                0x010050b4       0xc4 ./FreeMaster_MPC57xxx/src_common/freemaster_scope.o
                0x010050b4                FMSTR_ReadScope
 .text.FMSTR_SCI_RDCLRSR
                0x01005178       0x32 ./FreeMaster_MPC57xxx/src_common/freemaster_serial.o
 *fill*         0x010051aa        0x2 
 .text.FMSTR_RxQueue
                0x010051ac       0x84 ./FreeMaster_MPC57xxx/src_common/freemaster_serial.o
 .text.FMSTR_RxDequeue
                0x01005230       0xc2 ./FreeMaster_MPC57xxx/src_common/freemaster_serial.o
 *fill*         0x010052f2        0x2 
 .text.FMSTR_ProcessSCI
                0x010052f4       0xf4 ./FreeMaster_MPC57xxx/src_common/freemaster_serial.o
                0x010052f4                FMSTR_ProcessSCI
 .text.FMSTR_Listen
                0x010053e8       0x84 ./FreeMaster_MPC57xxx/src_common/freemaster_serial.o
 .text.FMSTR_SendError
                0x0100546c       0x3c ./FreeMaster_MPC57xxx/src_common/freemaster_serial.o
 .text.FMSTR_SendResponse
                0x010054a8      0x13c ./FreeMaster_MPC57xxx/src_common/freemaster_serial.o
                0x010054a8                FMSTR_SendResponse
 .text.FMSTR_Tx
                0x010055e4      0x106 ./FreeMaster_MPC57xxx/src_common/freemaster_serial.o
                0x010055e4                FMSTR_Tx
 *fill*         0x010056ea        0x2 
 .text.FMSTR_Rx
                0x010056ec      0x2e2 ./FreeMaster_MPC57xxx/src_common/freemaster_serial.o
                0x010056ec                FMSTR_Rx
 *fill*         0x010059ce        0x2 
 .text.FMSTR_InitSerial
                0x010059d0       0x6e ./FreeMaster_MPC57xxx/src_common/freemaster_serial.o
                0x010059d0                FMSTR_InitSerial
 *fill*         0x01005a3e        0x2 
 .text.FMSTR_Poll
                0x01005a40       0x22 ./FreeMaster_MPC57xxx/src_common/freemaster_serial.o
                0x01005a40                FMSTR_Poll
 *fill*         0x01005a62        0x2 
 .text.FMSTR_Isr
                0x01005a64       0x22 ./FreeMaster_MPC57xxx/src_platforms/MPC57xx/freemaster_MPC57xx.o
                0x01005a64                FMSTR_Isr
 *fill*         0x01005a86        0x2 
 .text.FMSTR_CopyToBuffer
                0x01005a88       0x68 ./FreeMaster_MPC57xxx/src_platforms/MPC57xx/freemaster_MPC57xx.o
                0x01005a88                FMSTR_CopyToBuffer
 .text.FMSTR_CopyFromBuffer
                0x01005af0       0x68 ./FreeMaster_MPC57xxx/src_platforms/MPC57xx/freemaster_MPC57xx.o
                0x01005af0                FMSTR_CopyFromBuffer
 .text.FMSTR_CopyFromBufferWithMask
                0x01005b58       0xbc ./FreeMaster_MPC57xxx/src_platforms/MPC57xx/freemaster_MPC57xx.o
                0x01005b58                FMSTR_CopyFromBufferWithMask
 .text.ConfigPLL0
                0x01005c14       0xe4 ./src/ClockConfig.o
                0x01005c14                ConfigPLL0
 .text.DivideSystClock
                0x01005cf8       0x8e ./src/ClockConfig.o
                0x01005cf8                DivideSystClock
 *fill*         0x01005d86        0x2 
 .text.ConfigADCClock
                0x01005d88       0xa8 ./src/ClockConfig.o
                0x01005d88                ConfigADCClock
 .text.ConfigMotCClock
                0x01005e30       0xa8 ./src/ClockConfig.o
                0x01005e30                ConfigMotCClock
 .text.MLIB_Add_FLT
                0x01005ed8       0x1e ./src/Cmd_moteur.o
 *fill*         0x01005ef6        0x2 
 .text.MLIB_Sub_FLT
                0x01005ef8       0x1e ./src/Cmd_moteur.o
 *fill*         0x01005f16        0x2 
 .text.MLIB_Mul_FLT
                0x01005f18       0x1e ./src/Cmd_moteur.o
 *fill*         0x01005f36        0x2 
 .text.MLIB_Div_FLT
                0x01005f38       0x1e ./src/Cmd_moteur.o
 *fill*         0x01005f56        0x2 
 .text.ConvertPU_F16FLT_S32DSPPC_EFPU2
                0x01005f58       0x2a ./src/Cmd_moteur.o
 *fill*         0x01005f82        0x2 
 .text.MLIB_ConvertPU_F16FLT
                0x01005f84       0x2a ./src/Cmd_moteur.o
 *fill*         0x01005fae        0x2 
 .text.init_Cmd_Moteur_Variables
                0x01005fb0      0x1ac ./src/Cmd_moteur.o
                0x01005fb0                init_Cmd_Moteur_Variables
 .text.raz_Entree_Cmd
                0x0100615c       0x4c ./src/Cmd_moteur.o
                0x0100615c                raz_Entree_Cmd
 .text.Exec_Fast_Loop
                0x010061a8      0x25a ./src/Cmd_moteur.o
                0x010061a8                Exec_Fast_Loop
 *fill*         0x01006402        0x2 
 .text.User_Speed_Ramp
                0x01006404       0xf8 ./src/Cmd_moteur.o
                0x01006404                User_Speed_Ramp
 .text.Exec_Slow_Loop
                0x010064fc       0x74 ./src/Cmd_moteur.o
                0x010064fc                Exec_Slow_Loop
 .text.U_F_LUT  0x01006570       0x24 ./src/Cmd_moteur.o
                0x01006570                U_F_LUT
 .text.Estimate_Rotor_Angle
                0x01006594       0xe6 ./src/Cmd_moteur.o
                0x01006594                Estimate_Rotor_Angle
 *fill*         0x0100667a        0x2 
 .text.Convert_CmdDuty_F16_INT16
                0x0100667c       0xb4 ./src/Cmd_moteur.o
                0x0100667c                Convert_CmdDuty_F16_INT16
 .text.ADC0_EOC_FAST_LOOP_isr
                0x01006730      0x362 ./src/Cmd_moteur.o
                0x01006730                ADC0_EOC_FAST_LOOP_isr
 *fill*         0x01006a92        0x2 
 .text.ADC_Enter_PWDN
                0x01006a94      0x14c ./src/ConfigADC.o
                0x01006a94                ADC_Enter_PWDN
 .text.ADC_Exit_PWDN
                0x01006be0      0x14c ./src/ConfigADC.o
                0x01006be0                ADC_Exit_PWDN
 .text.ADC_init
                0x01006d2c      0x316 ./src/ConfigADC.o
                0x01006d2c                ADC_init
 *fill*         0x01007042        0x2 
 .text.ADC_ConvTime_config
                0x01007044      0x1c8 ./src/ConfigADC.o
                0x01007044                ADC_ConvTime_config
 .text.ADC_DisableAllChannel_NormalConv
                0x0100720c       0xbc ./src/ConfigADC.o
                0x0100720c                ADC_DisableAllChannel_NormalConv
 .text.ADC_SelectChannel_NormalConv
                0x010072c8      0x678 ./src/ConfigADC.o
                0x010072c8                ADC_SelectChannel_NormalConv
 .text.ADC_ISRGlobalEnable
                0x01007940      0x2a0 ./src/ConfigADC.o
                0x01007940                ADC_ISRGlobalEnable
 .text.ADC_ChannelMask_ISR
                0x01007be0      0x872 ./src/ConfigADC.o
                0x01007be0                ADC_ChannelMask_ISR
 *fill*         0x01008452        0x2 
 .text.ADC_ReadChannel
                0x01008454      0x240 ./src/ConfigADC.o
                0x01008454                ADC_ReadChannel
 .text.ADC_Calibration
                0x01008694      0x2c8 ./src/ConfigADC.o
                0x01008694                ADC_Calibration
 .text.ADC_Get_EOCTU
                0x0100895c       0xdc ./src/ConfigADC.o
                0x0100895c                ADC_Get_EOCTU
 .text.ADC_Clear_EOCTU
                0x01008a38       0xbc ./src/ConfigADC.o
                0x01008a38                ADC_Clear_EOCTU
 .text.ADC_Clear_All_Flags
                0x01008af4       0xb4 ./src/ConfigADC.o
                0x01008af4                ADC_Clear_All_Flags
 .text.Init_CTU0_GeneralControl
                0x01008ba8       0x38 ./src/ConfigCTU.o
                0x01008ba8                Init_CTU0_GeneralControl
 .text.Init_CTU0_TriggerGenerator_Trigger2
                0x01008be0       0xea ./src/ConfigCTU.o
                0x01008be0                Init_CTU0_TriggerGenerator_Trigger2
 *fill*         0x01008cca        0x2 
 .text.Init_CTU0_TriggerScheduler
                0x01008ccc      0x2fa ./src/ConfigCTU.o
                0x01008ccc                Init_CTU0_TriggerScheduler
 *fill*         0x01008fc6        0x2 
 .text.CTU0_Stream_or_Parallel_ADC_List
                0x01008fc8       0x6c ./src/ConfigCTU.o
                0x01008fc8                CTU0_Stream_or_Parallel_ADC_List
 .text.Init_CTU0_TriggerScheduler_ADC_SingleConv
                0x01009034      0x282 ./src/ConfigCTU.o
                0x01009034                Init_CTU0_TriggerScheduler_ADC_SingleConv
 *fill*         0x010092b6        0x2 
 .text.CTU0_General_Reload_Enable
                0x010092b8       0x22 ./src/ConfigCTU.o
                0x010092b8                CTU0_General_Reload_Enable
 *fill*         0x010092da        0x2 
 .text.Set_pad_out
                0x010092dc       0x42 ./src/ConfigGPIO.o
                0x010092dc                Set_pad_out
 *fill*         0x0100931e        0x2 
 .text.Read_pad_in
                0x01009320       0x38 ./src/ConfigGPIO.o
                0x01009320                Read_pad_in
 .text.Config_pad_out
                0x01009358      0x14e ./src/ConfigGPIO.o
                0x01009358                Config_pad_out
 *fill*         0x010094a6        0x2 
 .text.Config_pad_in
                0x010094a8       0xd4 ./src/ConfigGPIO.o
                0x010094a8                Config_pad_in
 .text.Config_analog_pad
                0x0100957c       0x4a ./src/ConfigGPIO.o
                0x0100957c                Config_analog_pad
 *fill*         0x010095c6        0x2 
 .text.Config_Alter_Function_Out
                0x010095c8       0x40 ./src/ConfigGPIO.o
                0x010095c8                Config_Alter_Function_Out
 .text.Config_Alter_Function_In
                0x01009608       0x40 ./src/ConfigGPIO.o
                0x01009608                Config_Alter_Function_In
 .text.Config_ERQ_Pad
                0x01009648      0x112 ./src/ConfigGPIO.o
                0x01009648                Config_ERQ_Pad
 *fill*         0x0100975a        0x2 
 .text.PIT_ch_Init
                0x0100975c       0x52 ./src/ConfigPIT.o
                0x0100975c                PIT_ch_Init
 *fill*         0x010097ae        0x2 
 .text.startPIT_ch
                0x010097b0       0x2a ./src/ConfigPIT.o
                0x010097b0                startPIT_ch
 *fill*         0x010097da        0x2 
 .text.stopPIT_ch
                0x010097dc       0x2a ./src/ConfigPIT.o
                0x010097dc                stopPIT_ch
 *fill*         0x01009806        0x2 
 .text.DelayTimerGeneral_us
                0x01009808       0x7c ./src/ConfigPIT.o
                0x01009808                DelayTimerGeneral_us
 .text.DelayTimerGeneral_ms
                0x01009884       0x7e ./src/ConfigPIT.o
                0x01009884                DelayTimerGeneral_ms
 *fill*         0x01009902        0x2 
 .text.InitPWM0_Sub_ClkConfig
                0x01009904       0x88 ./src/ConfigPWM.o
                0x01009904                InitPWM0_Sub_ClkConfig
 .text.Init_IO_PWM0
                0x0100998c      0x12a ./src/ConfigPWM.o
                0x0100998c                Init_IO_PWM0
 *fill*         0x01009ab6        0x2 
 .text.Config_PWM_Output
                0x01009ab8      0x1bc ./src/ConfigPWM.o
                0x01009ab8                Config_PWM_Output
 .text.InitPWM0_Sub_OpMode
                0x01009c74      0x348 ./src/ConfigPWM.o
                0x01009c74                InitPWM0_Sub_OpMode
 .text.LoadPWM0_Params
                0x01009fbc      0x176 ./src/ConfigPWM.o
                0x01009fbc                LoadPWM0_Params
 *fill*         0x0100a132        0x2 
 .text.Run_PWM0_SubModule
                0x0100a134      0x178 ./src/ConfigPWM.o
                0x0100a134                Run_PWM0_SubModule
 .text.Config_PWM0_SignalParams
                0x0100a2ac      0x1aa ./src/ConfigPWM.o
                0x0100a2ac                Config_PWM0_SignalParams
 *fill*         0x0100a456        0x2 
 .text.Config_PWM0_OutA_SignalParams
                0x0100a458      0x176 ./src/ConfigPWM.o
                0x0100a458                Config_PWM0_OutA_SignalParams
 *fill*         0x0100a5ce        0x2 
 .text.Config_PWM0_OutB_SignalParams
                0x0100a5d0      0x17a ./src/ConfigPWM.o
                0x0100a5d0                Config_PWM0_OutB_SignalParams
 *fill*         0x0100a74a        0x2 
 .text.Disable_Fault_PWM0_All
                0x0100a74c       0x32 ./src/ConfigPWM.o
                0x0100a74c                Disable_Fault_PWM0_All
 *fill*         0x0100a77e        0x2 
 .text.Activate_PWM0_Output
                0x0100a780      0x274 ./src/ConfigPWM.o
                0x0100a780                Activate_PWM0_Output
 .text.Enable_OutputTrigger
                0x0100a9f4       0xe2 ./src/ConfigPWM.o
                0x0100a9f4                Enable_OutputTrigger
 *fill*         0x0100aad6        0x2 
 .text.Disable_OutputTrigger
                0x0100aad8       0x36 ./src/ConfigPWM.o
                0x0100aad8                Disable_OutputTrigger
 *fill*         0x0100ab0e        0x2 
 .text.Start_PWM0_Trigger
                0x0100ab10       0x6c ./src/ConfigPWM.o
                0x0100ab10                Start_PWM0_Trigger
 .text.Stop_PWM0_Trigger
                0x0100ab7c       0x3c ./src/ConfigPWM.o
                0x0100ab7c                Stop_PWM0_Trigger
 .text.MLIB_Neg_FLT
                0x0100abb8       0x1c ./src/Current_Sensor.o
 .text.MLIB_Add_FLT
                0x0100abd4       0x1e ./src/Current_Sensor.o
 *fill*         0x0100abf2        0x2 
 .text.MLIB_Sub_FLT
                0x0100abf4       0x1e ./src/Current_Sensor.o
 *fill*         0x0100ac12        0x2 
 .text.MLIB_Mul_FLT
                0x0100ac14       0x1e ./src/Current_Sensor.o
 *fill*         0x0100ac32        0x2 
 .text.MLIB_Div_FLT
                0x0100ac34       0x1e ./src/Current_Sensor.o
 *fill*         0x0100ac52        0x2 
 .text.Current_sensor_Config_Init
                0x0100ac54      0x114 ./src/Current_Sensor.o
                0x0100ac54                Current_sensor_Config_Init
 .text.Config_Init_ADC_IPhase
                0x0100ad68       0xde ./src/Current_Sensor.o
                0x0100ad68                Config_Init_ADC_IPhase
 *fill*         0x0100ae46        0x2 
 .text.Config_CTU0_IPhase_A_B
                0x0100ae48       0xb6 ./src/Current_Sensor.o
                0x0100ae48                Config_CTU0_IPhase_A_B
 *fill*         0x0100aefe        0x2 
 .text.Get_Iphase_MotorGD_FLT
                0x0100af00      0x18e ./src/Current_Sensor.o
                0x0100af00                Get_Iphase_MotorGD_FLT
 *fill*         0x0100b08e        0x2 
 .text.Deduce_Iphase_C_FLT
                0x0100b090       0x6c ./src/Current_Sensor.o
                0x0100b090                Deduce_Iphase_C_FLT
 .text.Get_ThreePhase_Current_MotorGD_FLT
                0x0100b0fc       0x72 ./src/Current_Sensor.o
                0x0100b0fc                Get_ThreePhase_Current_MotorGD_FLT
 *fill*         0x0100b16e        0x2 
 .text.Perform_Current_Meas_Calibration
                0x0100b170      0x25e ./src/Current_Sensor.o
                0x0100b170                Perform_Current_Meas_Calibration
 *fill*         0x0100b3ce        0x2 
 .text.Compensate_Iphase_MotorGD_FLT
                0x0100b3d0       0x62 ./src/Current_Sensor.o
                0x0100b3d0                Compensate_Iphase_MotorGD_FLT
 *fill*         0x0100b432        0x2 
 .text.init_dspi0_ports
                0x0100b434       0xc4 ./src/DSPIConfig.o
                0x0100b434                init_dspi0_ports
 .text.init_dspi2_ports
                0x0100b4f8       0xc4 ./src/DSPIConfig.o
                0x0100b4f8                init_dspi2_ports
 .text.init_dspi0
                0x0100b5bc       0x5e ./src/DSPIConfig.o
                0x0100b5bc                init_dspi0
 *fill*         0x0100b61a        0x2 
 .text.init_dspi2
                0x0100b61c       0x5e ./src/DSPIConfig.o
                0x0100b61c                init_dspi2
 *fill*         0x0100b67a        0x2 
 .text.SetTiming_dspi0
                0x0100b67c      0x144 ./src/DSPIConfig.o
                0x0100b67c                SetTiming_dspi0
 .text.SetTiming_dspi2
                0x0100b7c0      0x138 ./src/DSPIConfig.o
                0x0100b7c0                SetTiming_dspi2
 .text.DSPI_Enter_Exit_HaltMode
                0x0100b8f8       0xd8 ./src/DSPIConfig.o
                0x0100b8f8                DSPI_Enter_Exit_HaltMode
 .text.Transmit_DSPI
                0x0100b9d0      0x24a ./src/DSPIConfig.o
                0x0100b9d0                Transmit_DSPI
 *fill*         0x0100bc1a        0x2 
 .text.Transmit_DSPI_8bits
                0x0100bc1c      0x24e ./src/DSPIConfig.o
                0x0100bc1c                Transmit_DSPI_8bits
 *fill*         0x0100be6a        0x2 
 .text.Read_DSPI
                0x0100be6c      0x182 ./src/DSPIConfig.o
                0x0100be6c                Read_DSPI
 *fill*         0x0100bfee        0x2 
 .text.Transmit_Read_DSPI_8bits
                0x0100bff0       0x8e ./src/DSPIConfig.o
                0x0100bff0                Transmit_Read_DSPI_8bits
 *fill*         0x0100c07e        0x2 
 .text.Transmit_Read_DSPI_32bits
                0x0100c080       0xd2 ./src/DSPIConfig.o
                0x0100c080                Transmit_Read_DSPI_32bits
 *fill*         0x0100c152        0x2 
 .text.SetIVPR  0x0100c154       0x1a ./src/MPC57xx__Interrupt_Init.o
                0x0100c154                SetIVPR
 *fill*         0x0100c16e        0x2 
 .text.InitINTC
                0x0100c170       0x2a ./src/MPC57xx__Interrupt_Init.o
                0x0100c170                InitINTC
 *fill*         0x0100c19a        0x2 
 .text.enableIrq
                0x0100c19c       0x20 ./src/MPC57xx__Interrupt_Init.o
                0x0100c19c                enableIrq
 .text.xcptn_xmpl
                0x0100c1bc       0x34 ./src/MPC57xx__Interrupt_Init.o
                0x0100c1bc                xcptn_xmpl
 .text.peri_clock_gating
                0x0100c1f0      0x108 ./src/ModeEntryAndConfig.o
                0x0100c1f0                peri_clock_gating
 .text.ModeConfig
                0x0100c2f8      0x24c ./src/ModeEntryAndConfig.o
                0x0100c2f8                ModeConfig
 .text.ModeEnable
                0x0100c544       0x8c ./src/ModeEntryAndConfig.o
                0x0100c544                ModeEnable
 .text.ModeTransition
                0x0100c5d0       0x88 ./src/ModeEntryAndConfig.o
                0x0100c5d0                ModeTransition
 .text.Config_LINFlex1_UART
                0x0100c658       0x40 ./src/UARTConfig.o
                0x0100c658                Config_LINFlex1_UART
 .text.InitPortLinFlex1
                0x0100c698       0x64 ./src/UARTConfig.o
                0x0100c698                InitPortLinFlex1
 .text.InitUARTLinFlex1
                0x0100c6fc       0xb8 ./src/UARTConfig.o
                0x0100c6fc                InitUARTLinFlex1
 .text.SetBaudRateLinFlex
                0x0100c7b4       0x98 ./src/UARTConfig.o
                0x0100c7b4                SetBaudRateLinFlex
 .text.EnterExitInitModeLinFlex
                0x0100c84c       0x80 ./src/UARTConfig.o
                0x0100c84c                EnterExitInitModeLinFlex
 .text.init_User_Interface
                0x0100c8cc       0x98 ./src/User_Interface.o
                0x0100c8cc                init_User_Interface
 .text.Config_eTimer2_InputCapture
                0x0100c964      0x108 ./src/eTimer.o
                0x0100c964                Config_eTimer2_InputCapture
 .text.Start_eTimer2_InputCapture_Count
                0x0100ca6c       0x32 ./src/eTimer.o
                0x0100ca6c                Start_eTimer2_InputCapture_Count
 *fill*         0x0100ca9e        0x2 
 .text.gd3000_Activ_Pad_Enable
                0x0100caa0       0x26 ./src/gd3000.o
                0x0100caa0                gd3000_Activ_Pad_Enable
 *fill*         0x0100cac6        0x2 
 .text.gd3000_Inhib_Pad_Enable
                0x0100cac8       0x26 ./src/gd3000.o
                0x0100cac8                gd3000_Inhib_Pad_Enable
 *fill*         0x0100caee        0x2 
 .text.gd3000_Activ_Pad_Reset
                0x0100caf0       0x26 ./src/gd3000.o
                0x0100caf0                gd3000_Activ_Pad_Reset
 *fill*         0x0100cb16        0x2 
 .text.gd3000_Inhib_Pad_Reset
                0x0100cb18       0x26 ./src/gd3000.o
                0x0100cb18                gd3000_Inhib_Pad_Reset
 *fill*         0x0100cb3e        0x2 
 .text.gd3000_Reset
                0x0100cb40       0x26 ./src/gd3000.o
                0x0100cb40                gd3000_Reset
 *fill*         0x0100cb66        0x2 
 .text.gd3000_Config_GPIO
                0x0100cb68      0x12a ./src/gd3000.o
                0x0100cb68                gd3000_Config_GPIO
 *fill*         0x0100cc92        0x2 
 .text.gd3000_Config_DSPI
                0x0100cc94       0x38 ./src/gd3000.o
                0x0100cc94                gd3000_Config_DSPI
 .text.gd3000_Toggle_Pins_Init
                0x0100cccc       0xac ./src/gd3000.o
                0x0100cccc                gd3000_Toggle_Pins_Init
 .text.gd3000_initialization_procedure
                0x0100cd78       0x9e ./src/gd3000.o
                0x0100cd78                gd3000_initialization_procedure
 *fill*         0x0100ce16        0x2 
 .text.gd3000_Config_Init
                0x0100ce18       0x9c ./src/gd3000.o
                0x0100ce18                gd3000_Config_Init
 .text.gd3000_read_reg
                0x0100ceb4       0x48 ./src/gd3000.o
                0x0100ceb4                gd3000_read_reg
 .text.gd3000_read_write_reg
                0x0100cefc       0x6a ./src/gd3000.o
                0x0100cefc                gd3000_read_write_reg
 *fill*         0x0100cf66        0x2 
 .text.gd3000_Config_FlexPWM0_BrasABC
                0x0100cf68      0x268 ./src/gd3000.o
                0x0100cf68                gd3000_Config_FlexPWM0_BrasABC
 .text.gd3000_Update_DutyCycle_Cmd_PWM_ABC
                0x0100d1d0      0x130 ./src/gd3000.o
                0x0100d1d0                gd3000_Update_DutyCycle_Cmd_PWM_ABC
 .text.gd3000_RunPWM_BrasABC
                0x0100d300       0x2a ./src/gd3000.o
                0x0100d300                gd3000_RunPWM_BrasABC
 *fill*         0x0100d32a        0x2 
 .text.gd3000_Read_Status
                0x0100d32c       0xf6 ./src/gd3000.o
                0x0100d32c                gd3000_Read_Status
 *fill*         0x0100d422        0x2 
 .text.ERQ_GD_INT_OCOUT_isr
                0x0100d424       0x92 ./src/gd3000.o
                0x0100d424                ERQ_GD_INT_OCOUT_isr
 *fill*         0x0100d4b6        0x2 
 .text.dummy    0x0100d4b8        0xc ./src/intc_SW_mode_isr_vectors_MPC5744P.o
                0x0100d4b8                dummy
 .text.init_MCU_ClockAndMode
                0x0100d4c4       0x6c ./src/main.o
                0x0100d4c4                init_MCU_ClockAndMode
 .text.init_MCU_periph
                0x0100d530       0x26 ./src/main.o
                0x0100d530                init_MCU_periph
 *fill*         0x0100d556        0x2 
 .text.init_ISR_appli
                0x0100d558       0x50 ./src/main.o
                0x0100d558                init_ISR_appli
 .text.main     0x0100d5a8       0xd2 ./src/main.o
                0x0100d5a8                main
 *fill*         0x0100d67a        0x2 
 .text.ERQ_SW1_isr
                0x0100d67c      0x16a ./src/main.o
                0x0100d67c                ERQ_SW1_isr
 *fill*         0x0100d7e6        0x2 
 .text.MLIB_Add_FLT
                0x0100d7e8       0x1e ./src/modele_moteur_virtuel.o
 *fill*         0x0100d806        0x2 
 .text.MLIB_Sub_FLT
                0x0100d808       0x1e ./src/modele_moteur_virtuel.o
 *fill*         0x0100d826        0x2 
 .text.MLIB_Mul_FLT
                0x0100d828       0x1e ./src/modele_moteur_virtuel.o
 *fill*         0x0100d846        0x2 
 .text.MLIB_Div_FLT
                0x0100d848       0x1e ./src/modele_moteur_virtuel.o
 *fill*         0x0100d866        0x2 
 .text.init_modele_moteur_virtuel
                0x0100d868      0x260 ./src/modele_moteur_virtuel.o
                0x0100d868                init_modele_moteur_virtuel
 .text.raz_variables_moteur_virtuel
                0x0100dac8       0xa6 ./src/modele_moteur_virtuel.o
                0x0100dac8                raz_variables_moteur_virtuel
 *fill*         0x0100db6e        0x2 
 .text.Get_Phase_Current_Virtuel
                0x0100db70      0x1ce ./src/modele_moteur_virtuel.o
                0x0100db70                Get_Phase_Current_Virtuel
 *fill*         0x0100dd3e        0x2 
 .text.Get_Angle_Rotor_Virtuel
                0x0100dd40      0x1b2 ./src/modele_moteur_virtuel.o
                0x0100dd40                Get_Angle_Rotor_Virtuel
 *fill*         0x0100def2        0x2 
 .text.MLIB_Add_FLT
                0x0100def4       0x1e ./src/pga411.o
 *fill*         0x0100df12        0x2 
 .text.MLIB_Sub_FLT
                0x0100df14       0x1e ./src/pga411.o
 *fill*         0x0100df32        0x2 
 .text.MLIB_Mul_FLT
                0x0100df34       0x1e ./src/pga411.o
 *fill*         0x0100df52        0x2 
 .text.MLIB_Div_FLT
                0x0100df54       0x1e ./src/pga411.o
 *fill*         0x0100df72        0x2 
 .text.pga411_init_IO
                0x0100df74       0x70 ./src/pga411.o
                0x0100df74                pga411_init_IO
 .text.pga411_init_SPI
                0x0100dfe4       0x38 ./src/pga411.o
                0x0100dfe4                pga411_init_SPI
 .text.pga411_reset
                0x0100e01c       0x40 ./src/pga411.o
                0x0100e01c                pga411_reset
 .text.pga411_config
                0x0100e05c       0xb8 ./src/pga411.o
                0x0100e05c                pga411_config
 .text.pga411_Config_Init
                0x0100e114       0x80 ./src/pga411.o
                0x0100e114                pga411_Config_Init
 .text.pga411_set_resolution
                0x0100e194       0x3e ./src/pga411.o
                0x0100e194                pga411_set_resolution
 *fill*         0x0100e1d2        0x2 
 .text.pga411_Change_State
                0x0100e1d4       0x78 ./src/pga411.o
                0x0100e1d4                pga411_Change_State
 .text.pga411_DeviceUnlock
                0x0100e24c       0x42 ./src/pga411.o
                0x0100e24c                pga411_DeviceUnlock
 *fill*         0x0100e28e        0x2 
 .text.pga411_ReadReg
                0x0100e290       0x50 ./src/pga411.o
                0x0100e290                pga411_ReadReg
 .text.pga411_ReadReg_CRC_connu_OneRead
                0x0100e2e0       0x44 ./src/pga411.o
                0x0100e2e0                pga411_ReadReg_CRC_connu_OneRead
 .text.pga411_WriteReg
                0x0100e324       0x3a ./src/pga411.o
                0x0100e324                pga411_WriteReg
 *fill*         0x0100e35e        0x2 
 .text.pga411_XmitSPI
                0x0100e360       0xea ./src/pga411.o
                0x0100e360                pga411_XmitSPI
 *fill*         0x0100e44a        0x2 
 .text.pga411_XmitSPI_no_CRC_compute
                0x0100e44c       0xb8 ./src/pga411.o
                0x0100e44c                pga411_XmitSPI_no_CRC_compute
 .text.pga411_Compute_CRC6
                0x0100e504       0xf0 ./src/pga411.o
                0x0100e504                pga411_Compute_CRC6
 .text.Toggle_FaultRes_Pin
                0x0100e5f4       0x36 ./src/pga411.o
                0x0100e5f4                Toggle_FaultRes_Pin
 *fill*         0x0100e62a        0x2 
 .text.pga411_Sfault_status
                0x0100e62c       0x52 ./src/pga411.o
                0x0100e62c                pga411_Sfault_status
 *fill*         0x0100e67e        0x2 
 .text.pga411_FaultPin_status
                0x0100e680       0x2e ./src/pga411.o
                0x0100e680                pga411_FaultPin_status
 *fill*         0x0100e6ae        0x2 
 .text.pga411_GetFault_status
                0x0100e6b0       0x3c ./src/pga411.o
                0x0100e6b0                pga411_GetFault_status
 .text.Convert_AngleElec_Rad_FLT
                0x0100e6ec      0x2e0 ./src/pga411.o
                0x0100e6ec                Convert_AngleElec_Rad_FLT
 .text.Convert_AngleMeca_Rad_FLT
                0x0100e9cc      0x160 ./src/pga411.o
                0x0100e9cc                Convert_AngleMeca_Rad_FLT
 .text.Adapt_Angle_minus_pi_plus_pi_FLT
                0x0100eb2c       0xde ./src/pga411.o
                0x0100eb2c                Adapt_Angle_minus_pi_plus_pi_FLT
 *fill*         0x0100ec0a        0x2 
 .text.ERQ_PGA411_Fault_isr
                0x0100ec0c       0x5e ./src/pga411.o
                0x0100ec0c                ERQ_PGA411_Fault_isr
 *fill*         0x0100ec6a        0x2 
 .text.GFLIB_Sign_FLT
                0x0100ec6c       0x20 C:/NXP/S32DS_Power_v2.1/S32DS/software/AMMCLIB_1.1.15/MPC574xP_AMMCLIB_v1.1.15/lib/s32ds_ppc\MPC574xP_AMMCLIB.a(GFLIB_Sign_c.o)
                0x0100ec6c                GFLIB_Sign_FLT
 .text.GFLIB_SinCos_FLT
                0x0100ec8c      0x120 C:/NXP/S32DS_Power_v2.1/S32DS/software/AMMCLIB_1.1.15/MPC574xP_AMMCLIB_v1.1.15/lib/s32ds_ppc\MPC574xP_AMMCLIB.a(GFLIB_SinCos_c.o)
                0x0100ec8c                GFLIB_SinCos_FLT
 .text.GMCLIB_ClarkInv_FLT
                0x0100edac       0x30 C:/NXP/S32DS_Power_v2.1/S32DS/software/AMMCLIB_1.1.15/MPC574xP_AMMCLIB_v1.1.15/lib/s32ds_ppc\MPC574xP_AMMCLIB.a(GMCLIB_ClarkInv_c.o)
                0x0100edac                GMCLIB_ClarkInv_FLT
 .text.GMCLIB_Clark_FLT
                0x0100eddc       0x26 C:/NXP/S32DS_Power_v2.1/S32DS/software/AMMCLIB_1.1.15/MPC574xP_AMMCLIB_v1.1.15/lib/s32ds_ppc\MPC574xP_AMMCLIB.a(GMCLIB_Clark_c.o)
                0x0100eddc                GMCLIB_Clark_FLT
 *fill*         0x0100ee02        0x2 
 .text.GMCLIB_ParkInv_FLT
                0x0100ee04       0x56 C:/NXP/S32DS_Power_v2.1/S32DS/software/AMMCLIB_1.1.15/MPC574xP_AMMCLIB_v1.1.15/lib/s32ds_ppc\MPC574xP_AMMCLIB.a(GMCLIB_ParkInv_c.o)
                0x0100ee04                GMCLIB_ParkInv_FLT
 *fill*         0x0100ee5a        0x2 
 .text.GMCLIB_Park_FLT
                0x0100ee5c       0x56 C:/NXP/S32DS_Power_v2.1/S32DS/software/AMMCLIB_1.1.15/MPC574xP_AMMCLIB_v1.1.15/lib/s32ds_ppc\MPC574xP_AMMCLIB.a(GMCLIB_Park_c.o)
                0x0100ee5c                GMCLIB_Park_FLT
 *(.init)
 *fill*         0x0100eeb2        0x2 
 .init          0x0100eeb4        0xc c:/nxp/s32ds_power_v2.1/s32ds/build_tools/powerpc-eabivle-4_9/bin/../lib/gcc/powerpc-eabivle/4.9.4/e200z4/fp/ecrti.o
                0x0100eeb4                __init
 .init          0x0100eec0        0x4 c:/nxp/s32ds_power_v2.1/s32ds/build_tools/powerpc-eabivle-4_9/bin/../lib/gcc/powerpc-eabivle/4.9.4/e200z4/fp/crtbegin.o
 .init          0x0100eec4        0x4 c:/nxp/s32ds_power_v2.1/s32ds/build_tools/powerpc-eabivle-4_9/bin/../lib/gcc/powerpc-eabivle/4.9.4/e200z4/fp/crtend.o
 .init          0x0100eec8        0xa c:/nxp/s32ds_power_v2.1/s32ds/build_tools/powerpc-eabivle-4_9/bin/../lib/gcc/powerpc-eabivle/4.9.4/e200z4/fp/ecrtn.o
 *(.fini)
 *fill*         0x0100eed2        0x2 
 .fini          0x0100eed4        0xc c:/nxp/s32ds_power_v2.1/s32ds/build_tools/powerpc-eabivle-4_9/bin/../lib/gcc/powerpc-eabivle/4.9.4/e200z4/fp/ecrti.o
                0x0100eed4                __fini
 .fini          0x0100eee0        0x4 c:/nxp/s32ds_power_v2.1/s32ds/build_tools/powerpc-eabivle-4_9/bin/../lib/gcc/powerpc-eabivle/4.9.4/e200z4/fp/crtbegin.o
 .fini          0x0100eee4        0xa c:/nxp/s32ds_power_v2.1/s32ds/build_tools/powerpc-eabivle-4_9/bin/../lib/gcc/powerpc-eabivle/4.9.4/e200z4/fp/ecrtn.o
                0x0100eef0                . = ALIGN (0x10)
 *fill*         0x0100eeee        0x2 

.glink          0x0100eef0        0x0
 .glink         0x0100eef0        0x0 c:/nxp/s32ds_power_v2.1/s32ds/build_tools/powerpc-eabivle-4_9/bin/../lib/gcc/powerpc-eabivle/4.9.4/e200z4/fp/crtbegin.o

.ctors          0x0100eef0        0x8
                0x0100eef0                __CTOR_LIST__ = .
 *crtbegin.o(.ctors)
 .ctors         0x0100eef0        0x4 c:/nxp/s32ds_power_v2.1/s32ds/build_tools/powerpc-eabivle-4_9/bin/../lib/gcc/powerpc-eabivle/4.9.4/e200z4/fp/crtbegin.o
 *crtbegin?.o(.ctors)
 *(EXCLUDE_FILE(*crtend.o *crtend?.o) .ctors)
 .ctors         0x0100eef4        0x0 c:/nxp/s32ds_power_v2.1/s32ds/build_tools/powerpc-eabivle-4_9/bin/../lib/gcc/powerpc-eabivle/4.9.4/e200z4/fp/ecrti.o
 .ctors         0x0100eef4        0x0 c:/nxp/s32ds_power_v2.1/s32ds/build_tools/powerpc-eabivle-4_9/bin/../lib/gcc/powerpc-eabivle/4.9.4/e200z4/fp/ecrtn.o
 *(SORT(.ctors.*))
 *(.ctors)
 .ctors         0x0100eef4        0x4 c:/nxp/s32ds_power_v2.1/s32ds/build_tools/powerpc-eabivle-4_9/bin/../lib/gcc/powerpc-eabivle/4.9.4/e200z4/fp/crtend.o
                0x0100eef8                __CTOR_END__ = .

.dtors          0x0100eef8        0x8
                0x0100eef8                __DTOR_LIST__ = .
 *crtbegin.o(.dtors)
 .dtors         0x0100eef8        0x4 c:/nxp/s32ds_power_v2.1/s32ds/build_tools/powerpc-eabivle-4_9/bin/../lib/gcc/powerpc-eabivle/4.9.4/e200z4/fp/crtbegin.o
 *crtbegin?.o(.dtors)
 *(EXCLUDE_FILE(*crtend.o *crtend?.o) .dtors)
 .dtors         0x0100eefc        0x0 c:/nxp/s32ds_power_v2.1/s32ds/build_tools/powerpc-eabivle-4_9/bin/../lib/gcc/powerpc-eabivle/4.9.4/e200z4/fp/ecrti.o
 .dtors         0x0100eefc        0x0 c:/nxp/s32ds_power_v2.1/s32ds/build_tools/powerpc-eabivle-4_9/bin/../lib/gcc/powerpc-eabivle/4.9.4/e200z4/fp/ecrtn.o
 *(SORT(.dtors.*))
 *(.dtors)
 .dtors         0x0100eefc        0x4 c:/nxp/s32ds_power_v2.1/s32ds/build_tools/powerpc-eabivle-4_9/bin/../lib/gcc/powerpc-eabivle/4.9.4/e200z4/fp/crtend.o
                0x0100ef00                __DTOR_END__ = .

.preinit_array  0x0100ef00        0x0
                [!provide]                PROVIDE (__preinit_array_start, .)
 *(.preinit_array*)
                [!provide]                PROVIDE (__preinit_array_end, .)

.init_array     0x0100ef00        0x0
                [!provide]                PROVIDE (__init_array_start, .)
 *(SORT(.init_array.*))
 *(.init_array*)
                [!provide]                PROVIDE (__init_array_end, .)

.fini_array     0x0100ef00        0x0
                [!provide]                PROVIDE (__fini_array_start, .)
 *(SORT(.fini_array.*))
 *(.fini_array*)
                [!provide]                PROVIDE (__fini_array_end, .)

.rodata         0x0100ef00      0x244
 *(.rodata)
 .rodata        0x0100ef00       0x18 ./FreeMaster_MPC57xxx/src_common/freemaster_protocol.o
 *(.rodata.*)
 .rodata.ADC_SelectChannel_NormalConv
                0x0100ef18      0x100 ./src/ConfigADC.o
 .rodata.ADC_ChannelMask_ISR
                0x0100f018      0x100 ./src/ConfigADC.o
 .rodata.InitPWM0_Sub_OpMode
                0x0100f118       0x10 ./src/ConfigPWM.o
 .rodata.Activate_PWM0_Output
                0x0100f128       0x10 ./src/ConfigPWM.o
 .rodata.fltgflibSinCosCoef
                0x0100f138        0xc C:/NXP/S32DS_Power_v2.1/S32DS/software/AMMCLIB_1.1.15/MPC574xP_AMMCLIB_v1.1.15/lib/s32ds_ppc\MPC574xP_AMMCLIB.a(GFLIB_SinCos_c.o)
                0x0100f138                fltgflibSinCosCoef
 *(.got1)

.eh_frame_hdr
 *(.eh_frame_hdr)

.eh_frame       0x0100f144        0x8
 *(.eh_frame)
 .eh_frame      0x0100f144        0x0 c:/nxp/s32ds_power_v2.1/s32ds/build_tools/powerpc-eabivle-4_9/bin/../lib/gcc/powerpc-eabivle/4.9.4/e200z4/fp/ecrti.o
                0x0100f144                __EH_FRAME_BEGIN__
 .eh_frame      0x0100f144        0x0 c:/nxp/s32ds_power_v2.1/s32ds/build_tools/powerpc-eabivle-4_9/bin/../lib/gcc/powerpc-eabivle/4.9.4/e200z4/fp/crtbegin.o
 .eh_frame      0x0100f144        0x0 c:/nxp/s32ds_power_v2.1/s32ds/build_tools/powerpc-eabivle-4_9/bin/../lib/gcc/powerpc-eabivle/4.9.4/e200z4/fp/crtbegin.o
 .eh_frame      0x0100f144        0x4 c:/nxp/s32ds_power_v2.1/s32ds/build_tools/powerpc-eabivle-4_9/bin/../lib/gcc/powerpc-eabivle/4.9.4/e200z4/fp/crtend.o
 .eh_frame      0x0100f148        0x4 c:/nxp/s32ds_power_v2.1/s32ds/build_tools/powerpc-eabivle-4_9/bin/../lib/gcc/powerpc-eabivle/4.9.4/e200z4/fp/ecrtn.o
                0x0100f148                __EH_FRAME_END__

.data           0x40000000       0xf8 load address 0x0100f14c
 *(.data)
 .data          0x40000000        0x4 c:/nxp/s32ds_power_v2.1/s32ds/build_tools/powerpc-eabivle-4_9/bin/../lib/gcc/powerpc-eabivle/4.9.4/e200z4/fp\libgcc.a(eabivle.o)
 *(.data.*)
 .data.pga411_regs
                0x40000004       0xd8 ./src/pga411.o
                0x40000004                pga411_regs
 *(.got.plt)
 *(.got)
 *(.got2)
 .got2          0x400000dc       0x1c c:/nxp/s32ds_power_v2.1/s32ds/build_tools/powerpc-eabivle-4_9/bin/../lib/gcc/powerpc-eabivle/4.9.4/e200z4/fp\libgcc.a(eabivle.o)
 *(.dynamic)
 *(.fixup)
                0x400000f8                . = ALIGN (0x4)

.jcr            0x400000f8        0x0 load address 0x0100f244
 .jcr           0x400000f8        0x0 c:/nxp/s32ds_power_v2.1/s32ds/build_tools/powerpc-eabivle-4_9/bin/../lib/gcc/powerpc-eabivle/4.9.4/e200z4/fp/crtbegin.o

.tm_clone_table
                0x400000f8        0x0 load address 0x0100f244
 .tm_clone_table
                0x400000f8        0x0 c:/nxp/s32ds_power_v2.1/s32ds/build_tools/powerpc-eabivle-4_9/bin/../lib/gcc/powerpc-eabivle/4.9.4/e200z4/fp/crtbegin.o
 .tm_clone_table
                0x400000f8        0x0 c:/nxp/s32ds_power_v2.1/s32ds/build_tools/powerpc-eabivle-4_9/bin/../lib/gcc/powerpc-eabivle/4.9.4/e200z4/fp/crtend.o

.sdata2         0x400000f8        0x0 load address 0x0100f244
 *(.sdata2)
 .sdata2        0x400000f8        0x0 c:/nxp/s32ds_power_v2.1/s32ds/build_tools/powerpc-eabivle-4_9/bin/../lib/gcc/powerpc-eabivle/4.9.4/e200z4/fp/ecrti.o
 .sdata2        0x400000f8        0x0 c:/nxp/s32ds_power_v2.1/s32ds/build_tools/powerpc-eabivle-4_9/bin/../lib/gcc/powerpc-eabivle/4.9.4/e200z4/fp/crtbegin.o
 *(.sdata2.*)

.sbss2          0x400000f8        0x0 load address 0x0100f244
 *(.sbss2)
 .sbss2         0x400000f8        0x0 c:/nxp/s32ds_power_v2.1/s32ds/build_tools/powerpc-eabivle-4_9/bin/../lib/gcc/powerpc-eabivle/4.9.4/e200z4/fp/ecrtn.o
 *(.sbss2.*)

.rela.dyn       0x400000f8        0x0 load address 0x0100f244
 .rela.iplt     0x400000f8        0x0 c:/nxp/s32ds_power_v2.1/s32ds/build_tools/powerpc-eabivle-4_9/bin/../lib/gcc/powerpc-eabivle/4.9.4/e200z4/fp/crtbegin.o
 .rela.text     0x400000f8        0x0 c:/nxp/s32ds_power_v2.1/s32ds/build_tools/powerpc-eabivle-4_9/bin/../lib/gcc/powerpc-eabivle/4.9.4/e200z4/fp/crtbegin.o
 .rela.text.FMSTR_InitRec
                0x400000f8        0x0 c:/nxp/s32ds_power_v2.1/s32ds/build_tools/powerpc-eabivle-4_9/bin/../lib/gcc/powerpc-eabivle/4.9.4/e200z4/fp/crtbegin.o
 .rela.text.FMSTR_AbortRec
                0x400000f8        0x0 c:/nxp/s32ds_power_v2.1/s32ds/build_tools/powerpc-eabivle-4_9/bin/../lib/gcc/powerpc-eabivle/4.9.4/e200z4/fp/crtbegin.o
 .rela.text.FMSTR_SetUpRec
                0x400000f8        0x0 c:/nxp/s32ds_power_v2.1/s32ds/build_tools/powerpc-eabivle-4_9/bin/../lib/gcc/powerpc-eabivle/4.9.4/e200z4/fp/crtbegin.o
 .rela.text.FMSTR_TriggerRec
                0x400000f8        0x0 c:/nxp/s32ds_power_v2.1/s32ds/build_tools/powerpc-eabivle-4_9/bin/../lib/gcc/powerpc-eabivle/4.9.4/e200z4/fp/crtbegin.o
 .rela.text.FMSTR_StartRec
                0x400000f8        0x0 c:/nxp/s32ds_power_v2.1/s32ds/build_tools/powerpc-eabivle-4_9/bin/../lib/gcc/powerpc-eabivle/4.9.4/e200z4/fp/crtbegin.o
 .rela.text.FMSTR_StopRec
                0x400000f8        0x0 c:/nxp/s32ds_power_v2.1/s32ds/build_tools/powerpc-eabivle-4_9/bin/../lib/gcc/powerpc-eabivle/4.9.4/e200z4/fp/crtbegin.o
 .rela.text.FMSTR_GetRecStatus
                0x400000f8        0x0 c:/nxp/s32ds_power_v2.1/s32ds/build_tools/powerpc-eabivle-4_9/bin/../lib/gcc/powerpc-eabivle/4.9.4/e200z4/fp/crtbegin.o
 .rela.text.FMSTR_GetRecBuff
                0x400000f8        0x0 c:/nxp/s32ds_power_v2.1/s32ds/build_tools/powerpc-eabivle-4_9/bin/../lib/gcc/powerpc-eabivle/4.9.4/e200z4/fp/crtbegin.o
 .rela.text.FMSTR_Recorder
                0x400000f8        0x0 c:/nxp/s32ds_power_v2.1/s32ds/build_tools/powerpc-eabivle-4_9/bin/../lib/gcc/powerpc-eabivle/4.9.4/e200z4/fp/crtbegin.o
 .rela.text.FMSTR_Recorder2
                0x400000f8        0x0 c:/nxp/s32ds_power_v2.1/s32ds/build_tools/powerpc-eabivle-4_9/bin/../lib/gcc/powerpc-eabivle/4.9.4/e200z4/fp/crtbegin.o
 .rela.text.init_Cmd_Moteur_Variables
                0x400000f8        0x0 c:/nxp/s32ds_power_v2.1/s32ds/build_tools/powerpc-eabivle-4_9/bin/../lib/gcc/powerpc-eabivle/4.9.4/e200z4/fp/crtbegin.o
 .rela.text.raz_Entree_Cmd
                0x400000f8        0x0 c:/nxp/s32ds_power_v2.1/s32ds/build_tools/powerpc-eabivle-4_9/bin/../lib/gcc/powerpc-eabivle/4.9.4/e200z4/fp/crtbegin.o
 .rela.text.Exec_Fast_Loop
                0x400000f8        0x0 c:/nxp/s32ds_power_v2.1/s32ds/build_tools/powerpc-eabivle-4_9/bin/../lib/gcc/powerpc-eabivle/4.9.4/e200z4/fp/crtbegin.o
 .rela.text.Exec_Slow_Loop
                0x400000f8        0x0 c:/nxp/s32ds_power_v2.1/s32ds/build_tools/powerpc-eabivle-4_9/bin/../lib/gcc/powerpc-eabivle/4.9.4/e200z4/fp/crtbegin.o
 .rela.text.Estimate_Rotor_Angle
                0x400000f8        0x0 c:/nxp/s32ds_power_v2.1/s32ds/build_tools/powerpc-eabivle-4_9/bin/../lib/gcc/powerpc-eabivle/4.9.4/e200z4/fp/crtbegin.o
 .rela.text.Convert_CmdDuty_F16_INT16
                0x400000f8        0x0 c:/nxp/s32ds_power_v2.1/s32ds/build_tools/powerpc-eabivle-4_9/bin/../lib/gcc/powerpc-eabivle/4.9.4/e200z4/fp/crtbegin.o
 .rela.text.ADC0_EOC_FAST_LOOP_isr
                0x400000f8        0x0 c:/nxp/s32ds_power_v2.1/s32ds/build_tools/powerpc-eabivle-4_9/bin/../lib/gcc/powerpc-eabivle/4.9.4/e200z4/fp/crtbegin.o
 .rela.text.Current_sensor_Config_Init
                0x400000f8        0x0 c:/nxp/s32ds_power_v2.1/s32ds/build_tools/powerpc-eabivle-4_9/bin/../lib/gcc/powerpc-eabivle/4.9.4/e200z4/fp/crtbegin.o
 .rela.text.Get_Iphase_MotorGD_FLT
                0x400000f8        0x0 c:/nxp/s32ds_power_v2.1/s32ds/build_tools/powerpc-eabivle-4_9/bin/../lib/gcc/powerpc-eabivle/4.9.4/e200z4/fp/crtbegin.o
 .rela.text.Deduce_Iphase_C_FLT
                0x400000f8        0x0 c:/nxp/s32ds_power_v2.1/s32ds/build_tools/powerpc-eabivle-4_9/bin/../lib/gcc/powerpc-eabivle/4.9.4/e200z4/fp/crtbegin.o
 .rela.text.Perform_Current_Meas_Calibration
                0x400000f8        0x0 c:/nxp/s32ds_power_v2.1/s32ds/build_tools/powerpc-eabivle-4_9/bin/../lib/gcc/powerpc-eabivle/4.9.4/e200z4/fp/crtbegin.o
 .rela.text.InitINTC
                0x400000f8        0x0 c:/nxp/s32ds_power_v2.1/s32ds/build_tools/powerpc-eabivle-4_9/bin/../lib/gcc/powerpc-eabivle/4.9.4/e200z4/fp/crtbegin.o
 .rela.text.xcptn_xmpl
                0x400000f8        0x0 c:/nxp/s32ds_power_v2.1/s32ds/build_tools/powerpc-eabivle-4_9/bin/../lib/gcc/powerpc-eabivle/4.9.4/e200z4/fp/crtbegin.o
 .rela.text.gd3000_Config_Init
                0x400000f8        0x0 c:/nxp/s32ds_power_v2.1/s32ds/build_tools/powerpc-eabivle-4_9/bin/../lib/gcc/powerpc-eabivle/4.9.4/e200z4/fp/crtbegin.o
 .rela.text.gd3000_Config_FlexPWM0_BrasA
                0x400000f8        0x0 c:/nxp/s32ds_power_v2.1/s32ds/build_tools/powerpc-eabivle-4_9/bin/../lib/gcc/powerpc-eabivle/4.9.4/e200z4/fp/crtbegin.o
 .rela.text.gd3000_Config_FlexPWM0_BrasABC
                0x400000f8        0x0 c:/nxp/s32ds_power_v2.1/s32ds/build_tools/powerpc-eabivle-4_9/bin/../lib/gcc/powerpc-eabivle/4.9.4/e200z4/fp/crtbegin.o
 .rela.text.gd3000_Update_DutyCycle_Cmd_PWMA
                0x400000f8        0x0 c:/nxp/s32ds_power_v2.1/s32ds/build_tools/powerpc-eabivle-4_9/bin/../lib/gcc/powerpc-eabivle/4.9.4/e200z4/fp/crtbegin.o
 .rela.text.gd3000_Update_DutyCycle_Cmd_PWM_ABC
                0x400000f8        0x0 c:/nxp/s32ds_power_v2.1/s32ds/build_tools/powerpc-eabivle-4_9/bin/../lib/gcc/powerpc-eabivle/4.9.4/e200z4/fp/crtbegin.o
 .rela.text.gd3000_Read_Status
                0x400000f8        0x0 c:/nxp/s32ds_power_v2.1/s32ds/build_tools/powerpc-eabivle-4_9/bin/../lib/gcc/powerpc-eabivle/4.9.4/e200z4/fp/crtbegin.o
 .rela.intc_vector_table
                0x400000f8        0x0 c:/nxp/s32ds_power_v2.1/s32ds/build_tools/powerpc-eabivle-4_9/bin/../lib/gcc/powerpc-eabivle/4.9.4/e200z4/fp/crtbegin.o
 .rela.text.main
                0x400000f8        0x0 c:/nxp/s32ds_power_v2.1/s32ds/build_tools/powerpc-eabivle-4_9/bin/../lib/gcc/powerpc-eabivle/4.9.4/e200z4/fp/crtbegin.o
 .rela.text.ERQ_SW1_isr
                0x400000f8        0x0 c:/nxp/s32ds_power_v2.1/s32ds/build_tools/powerpc-eabivle-4_9/bin/../lib/gcc/powerpc-eabivle/4.9.4/e200z4/fp/crtbegin.o
 .rela.text.init_modele_moteur_virtuel
                0x400000f8        0x0 c:/nxp/s32ds_power_v2.1/s32ds/build_tools/powerpc-eabivle-4_9/bin/../lib/gcc/powerpc-eabivle/4.9.4/e200z4/fp/crtbegin.o
 .rela.text.raz_variables_moteur_virtuel
                0x400000f8        0x0 c:/nxp/s32ds_power_v2.1/s32ds/build_tools/powerpc-eabivle-4_9/bin/../lib/gcc/powerpc-eabivle/4.9.4/e200z4/fp/crtbegin.o
 .rela.text.Get_Phase_Current_Virtuel
                0x400000f8        0x0 c:/nxp/s32ds_power_v2.1/s32ds/build_tools/powerpc-eabivle-4_9/bin/../lib/gcc/powerpc-eabivle/4.9.4/e200z4/fp/crtbegin.o
 .rela.text.Get_Angle_Rotor_Virtuel
                0x400000f8        0x0 c:/nxp/s32ds_power_v2.1/s32ds/build_tools/powerpc-eabivle-4_9/bin/../lib/gcc/powerpc-eabivle/4.9.4/e200z4/fp/crtbegin.o
 .rela.text.pga411_Config_Init
                0x400000f8        0x0 c:/nxp/s32ds_power_v2.1/s32ds/build_tools/powerpc-eabivle-4_9/bin/../lib/gcc/powerpc-eabivle/4.9.4/e200z4/fp/crtbegin.o
 .rela.text.pga411_read_status_registers
                0x400000f8        0x0 c:/nxp/s32ds_power_v2.1/s32ds/build_tools/powerpc-eabivle-4_9/bin/../lib/gcc/powerpc-eabivle/4.9.4/e200z4/fp/crtbegin.o
 .rela.text.Convert_SPEED_DEG_US_TO_RPM_F32
                0x400000f8        0x0 c:/nxp/s32ds_power_v2.1/s32ds/build_tools/powerpc-eabivle-4_9/bin/../lib/gcc/powerpc-eabivle/4.9.4/e200z4/fp/crtbegin.o
 .rela.text.Convert_SPEED_DEG_US_TO_RPM_FLT
                0x400000f8        0x0 c:/nxp/s32ds_power_v2.1/s32ds/build_tools/powerpc-eabivle-4_9/bin/../lib/gcc/powerpc-eabivle/4.9.4/e200z4/fp/crtbegin.o
 .rela.got2     0x400000f8        0x0 c:/nxp/s32ds_power_v2.1/s32ds/build_tools/powerpc-eabivle-4_9/bin/../lib/gcc/powerpc-eabivle/4.9.4/e200z4/fp/crtbegin.o

.sdata          0x400000f8        0x4 load address 0x0100f244
 *(.sdata)
 .sdata         0x400000f8        0x0 c:/nxp/s32ds_power_v2.1/s32ds/build_tools/powerpc-eabivle-4_9/bin/../lib/gcc/powerpc-eabivle/4.9.4/e200z4/fp/ecrti.o
                0x400000f8                __SDATA_START__
 .sdata         0x400000f8        0x0 c:/nxp/s32ds_power_v2.1/s32ds/build_tools/powerpc-eabivle-4_9/bin/../lib/gcc/powerpc-eabivle/4.9.4/e200z4/fp/crtbegin.o
                0x400080f8                _SDA_BASE_
 *(.sdata.*)
 .sdata.MyVitesse_for_Consigne
                0x400000f8        0x4 ./src/main.o
                0x400000f8                MyVitesse_for_Consigne

.bss            0x400000fc      0x5b0 load address 0x0100f248
                0x400000fc                __BSS_START = .
 *(.sbss)
 .sbss          0x400000fc        0x0 c:/nxp/s32ds_power_v2.1/s32ds/build_tools/powerpc-eabivle-4_9/bin/../lib/gcc/powerpc-eabivle/4.9.4/e200z4/fp/crtbegin.o
 .sbss          0x400000fc       0x28 ./FreeMaster_MPC57xxx/src_common/freemaster_rec.o
                0x400000fc                pcm_wRecBuffStartIx
                0x40000100                pcm_dwRecEndBuffPtr
                0x40000104                pcm_pRecVarSize
                0x4000010c                pcm_wRecTotalSmps
                0x4000010e                pcm_nRecVarCount
                0x40000110                pcm_wRecTimeDivCtr
                0x40000112                pcm_wStoprecCountDown
                0x40000114                pcm_nRecTriggerMode
                0x40000118                pcm_wRecFlags
                0x4000011c                pcm_wRecTimeDiv
                0x4000011e                pcm_wRecPostTrigger
                0x40000120                pcm_dwRecWritePtr
 .sbss          0x40000124       0x61 ./src/Cmd_moteur.o
                0x40000124                Commande_Vitesse
                0x40000128                const_calcul_RPM_Radian
                0x4000012c                Delay_Trig_us
                0x40000130                cte_calcul_RPM_from_deg_us
                0x40000134                cptr_slow_loop
                0x40000138                Cmd_DutyA
                0x4000013c                velocity_rotor_elec
                0x40000140                velocity_rotor_meca
                0x40000144                angle_rotor_meca_precedent
                0x40000148                angle_rotor_elec
                0x4000014c                Udq_Commande
                0x40000154                Cmd_DutyC
                0x40000158                increment_angle_rotor
                0x4000015c                Angle_Rotor_Estime
                0x40000160                Mode_Sequence_Moteur
                0x40000164                nb_exec_loop_max_speed
                0x40000168                Mode_Lecture_Courant_Angle
                0x4000016c                cte_calcul_RPM_from_rad_us
                0x40000170                Cmd_DutyB
                0x40000174                angle_rotor_meca
                0x40000178                nb_exec_FL_max_Exec_SL
                0x4000017c                tps_integration_vitesse
                0x40000180                D_Vitesse
                0x40000184                cptr_speed
 .sbss          0x40000185        0x5 ./src/Current_Sensor.o
                0x40000185                Cptr_Mes_Cal
                0x40000186                ADC_SensorA_Status
                0x40000187                Cal_Current_Done
                0x40000188                Current_Sensor_Status
                0x40000189                ADC_SensorB_Status
 *fill*         0x4000018a        0x2 
 .sbss          0x4000018c       0x10 ./src/gd3000.o
                0x4000018c                DutyDefaultGD3000
                0x40000190                GD_OCOUT_pad
                0x40000194                PWMPeriod
                0x40000198                GD_INT_pad
 .sbss          0x4000019c        0x9 ./src/main.o
                0x4000019c                Config_PGA411_OK
                0x4000019d                Resolution_PGA411
                0x4000019e                Mode
                0x4000019f                ConfigGD3000_OK
                0x400001a0                Consigne_Vitesse
                0x400001a4                Current_sensor_OK
 *fill*         0x400001a5        0x3 
 .sbss          0x400001a8       0x28 ./src/modele_moteur_virtuel.o
                0x400001a8                terme1_calc_vitesse
                0x400001ac                Wn_1
                0x400001b0                terme2_calc_vitesse
                0x400001b4                Cn_1
                0x400001b8                Ts_div_tau_elec
                0x400001bc                Ts_div_tau_moteur
                0x400001c0                tau_moteur
                0x400001c4                terme1_calc_courant
                0x400001c8                terme2_calc_courant
                0x400001cc                tau_elec
 .sbss          0x400001d0        0x8 ./src/pga411.o
                0x400001d0                cte_calcul_RPM_from_deg_us_FLT
                0x400001d4                cte_calcul_RPM_from_deg_us_F32
 .sbss          0x400001d8        0x0 c:/nxp/s32ds_power_v2.1/s32ds/build_tools/powerpc-eabivle-4_9/bin/../lib/gcc/powerpc-eabivle/4.9.4/e200z4/fp/ecrtn.o
                0x400001d8                __SBSS_END__
 *(.sbss.*)
 .sbss.appui_SW1
                0x400001d8        0x1 ./src/main.o
                0x400001d8                appui_SW1
 *(.bss)
 *fill*         0x400001d9        0x3 
 .bss           0x400001dc       0x20 c:/nxp/s32ds_power_v2.1/s32ds/build_tools/powerpc-eabivle-4_9/bin/../lib/gcc/powerpc-eabivle/4.9.4/e200z4/fp/crtbegin.o
 *(.bss.*)
 .bss.pcm_nAppCmd
                0x400001fc        0x1 ./FreeMaster_MPC57xxx/src_common/freemaster_appcmd.o
 *fill*         0x400001fd        0x3 
 .bss.pcm_pAppCmdBuff
                0x40000200       0x20 ./FreeMaster_MPC57xxx/src_common/freemaster_appcmd.o
 .bss.pcm_nAppCmdLen
                0x40000220        0x2 ./FreeMaster_MPC57xxx/src_common/freemaster_appcmd.o
 .bss.pcm_nAppCmdResult
                0x40000222        0x1 ./FreeMaster_MPC57xxx/src_common/freemaster_appcmd.o
 .bss.pcm_nAppCmdResultDataLen
                0x40000223        0x1 ./FreeMaster_MPC57xxx/src_common/freemaster_appcmd.o
 .bss.pcm_pAppCmdCallId
                0x40000224        0x4 ./FreeMaster_MPC57xxx/src_common/freemaster_appcmd.o
 .bss.pcm_pAppCmdCallFunc
                0x40000228       0x10 ./FreeMaster_MPC57xxx/src_common/freemaster_appcmd.o
 .bss.pcm_pipes
                0x40000238      0x120 ./FreeMaster_MPC57xxx/src_common/freemaster_pipes.o
 .bss.pcm_nTrgVarAddr
                0x40000358        0x4 ./FreeMaster_MPC57xxx/src_common/freemaster_rec.o
 .bss.pcm_nTrgVarSize
                0x4000035c        0x1 ./FreeMaster_MPC57xxx/src_common/freemaster_rec.o
 .bss.pcm_bTrgVarSigned
                0x4000035d        0x1 ./FreeMaster_MPC57xxx/src_common/freemaster_rec.o
 *fill*         0x4000035e        0x2 
 .bss.pcm_uTrgThreshold
                0x40000360        0x4 ./FreeMaster_MPC57xxx/src_common/freemaster_rec.o
 .bss.pcm_nRecBuffAddr
                0x40000364        0x4 ./FreeMaster_MPC57xxx/src_common/freemaster_rec.o
 .bss.pcm_pCompareFunc
                0x40000368        0x4 ./FreeMaster_MPC57xxx/src_common/freemaster_rec.o
 .bss.pcm_pOwnRecBuffer
                0x4000036c      0x200 ./FreeMaster_MPC57xxx/src_common/freemaster_rec.o
 .bss.pcm_nScopeVarCount
                0x4000056c        0x1 ./FreeMaster_MPC57xxx/src_common/freemaster_scope.o
 *fill*         0x4000056d        0x3 
 .bss.pcm_pScopeVarAddr
                0x40000570       0x20 ./FreeMaster_MPC57xxx/src_common/freemaster_scope.o
 .bss.pcm_pScopeVarSize
                0x40000590        0x8 ./FreeMaster_MPC57xxx/src_common/freemaster_scope.o
 .bss.pcm_pCommBuffer
                0x40000598       0x3f ./FreeMaster_MPC57xxx/src_common/freemaster_serial.o
 *fill*         0x400005d7        0x1 
 .bss.pcm_wFlags
                0x400005d8        0x4 ./FreeMaster_MPC57xxx/src_common/freemaster_serial.o
 .bss.pcm_nTxTodo
                0x400005dc        0x1 ./FreeMaster_MPC57xxx/src_common/freemaster_serial.o
 .bss.pcm_nRxTodo
                0x400005dd        0x1 ./FreeMaster_MPC57xxx/src_common/freemaster_serial.o
 *fill*         0x400005de        0x2 
 .bss.pcm_pTxBuff
                0x400005e0        0x4 ./FreeMaster_MPC57xxx/src_common/freemaster_serial.o
 .bss.pcm_pRxBuff
                0x400005e4        0x4 ./FreeMaster_MPC57xxx/src_common/freemaster_serial.o
 .bss.pcm_nRxCheckSum
                0x400005e8        0x1 ./FreeMaster_MPC57xxx/src_common/freemaster_serial.o
 *fill*         0x400005e9        0x3 
 .bss.pcm_pRQueueBuffer
                0x400005ec       0x20 ./FreeMaster_MPC57xxx/src_common/freemaster_serial.o
 .bss.pcm_pRQueueRP
                0x4000060c        0x4 ./FreeMaster_MPC57xxx/src_common/freemaster_serial.o
 .bss.pcm_pRQueueWP
                0x40000610        0x4 ./FreeMaster_MPC57xxx/src_common/freemaster_serial.o
 *(COMMON)
 COMMON         0x40000614       0x20 ./FreeMaster_MPC57xxx/src_common/freemaster_rec.o
                0x40000614                pcm_pRecVarAddr
 COMMON         0x40000634        0xc ./src/Cmd_moteur.o
                0x40000634                Uabc_Commande
 COMMON         0x40000640       0x24 ./src/Current_Sensor.o
                0x40000640                Iphase
                0x4000064c                Offset_Mes_Iph_mV
                0x40000658                Offset_Mes_Iph_uV
 COMMON         0x40000664       0x14 ./src/gd3000.o
                0x40000664                GD3000_Status
 COMMON         0x40000678       0x24 ./src/modele_moteur_virtuel.o
                0x40000678                Iphase_A_k
                0x40000684                Uabc_n_1
                0x40000690                Iphase_A_k_1
 COMMON         0x4000069c       0x10 ./src/pga411.o
                0x4000069c                PGA411_Status
                0x400006ac                __BSS_END = .

.iplt           0x400006b0        0x0 load address 0x0100f248
 .iplt          0x400006b0        0x0 c:/nxp/s32ds_power_v2.1/s32ds/build_tools/powerpc-eabivle-4_9/bin/../lib/gcc/powerpc-eabivle/4.9.4/e200z4/fp/crtbegin.o

.stack          0x50800000     0x1004
                0x50800000                __HEAP = .
                [!provide]                PROVIDE (_end, .)
                [!provide]                PROVIDE (end, .)
                0x50800000                . = (. + __HEAP_SIZE)
                0x50800000                __HEAP_END = .
                0x50800000                _stack_end = .
                0x50801000                . = (. + __STACK_SIZE)
 *fill*         0x50800000     0x1000 
                0x50801000                _stack_addr = .
                0x50801000                __SP_INIT = .
                0x50801004                . = (. + 0x4)
 *fill*         0x50801000        0x4 
                0x40000000                __DATA_SRAM_ADDR = ADDR (.data)
                0x400000f8                __SDATA_SRAM_ADDR = ADDR (.sdata)
                0x000000f8                __DATA_SIZE = SIZEOF (.data)
                0x00000004                __SDATA_SIZE = SIZEOF (.sdata)
                0x0100f14c                __DATA_ROM_ADDR = LOADADDR (.data)
                0x0100f244                __SDATA_ROM_ADDR = LOADADDR (.sdata)
                0x00060000                __SRAM_SIZE = SRAM_SIZE
                0x40000000                __SRAM_BASE_ADDR = SRAM_BASE_ADDR
                0x00010000                __LOCAL_DMEM_SIZE = LOCALDMEM_SIZE
                0x50800000                __LOCAL_DMEM_BASE_ADDR = LOCALDMEM_BASE_ADDR
                0x000005b0                __BSS_SIZE = (__BSS_END - __BSS_START)
OUTPUT(PMSM_TGN002_cde_Uf.elf elf32-powerpc)

.comment        0x00000000      0x12a
 .comment       0x00000000        0xd c:/nxp/s32ds_power_v2.1/s32ds/build_tools/powerpc-eabivle-4_9/bin/../lib/gcc/powerpc-eabivle/4.9.4/e200z4/fp/ecrti.o
                                  0xe (size before relaxing)
 .comment       0x0000000d       0x82 c:/nxp/s32ds_power_v2.1/s32ds/build_tools/powerpc-eabivle-4_9/bin/../lib/gcc/powerpc-eabivle/4.9.4/e200z4/fp/crtbegin.o
                                 0x83 (size before relaxing)
 .comment       0x0000008f       0x83 ./FreeMaster_MPC57xxx/src_common/freemaster_appcmd.o
 .comment       0x0000008f       0x83 ./FreeMaster_MPC57xxx/src_common/freemaster_lin.o
 .comment       0x0000008f       0x83 ./FreeMaster_MPC57xxx/src_common/freemaster_pipes.o
 .comment       0x0000008f       0x83 ./FreeMaster_MPC57xxx/src_common/freemaster_protocol.o
 .comment       0x0000008f       0x83 ./FreeMaster_MPC57xxx/src_common/freemaster_rec.o
 .comment       0x0000008f       0x83 ./FreeMaster_MPC57xxx/src_common/freemaster_scope.o
 .comment       0x0000008f       0x83 ./FreeMaster_MPC57xxx/src_common/freemaster_serial.o
 .comment       0x0000008f       0x83 ./FreeMaster_MPC57xxx/src_common/freemaster_tsa.o
 .comment       0x0000008f       0x83 ./FreeMaster_MPC57xxx/src_platforms/MPC57xx/freemaster_MPC57xx.o
 .comment       0x0000008f       0x83 ./src/ClockConfig.o
 .comment       0x0000008f       0x83 ./src/Cmd_moteur.o
 .comment       0x0000008f       0x83 ./src/ConfigADC.o
 .comment       0x0000008f       0x83 ./src/ConfigCTU.o
 .comment       0x0000008f       0x83 ./src/ConfigGPIO.o
 .comment       0x0000008f       0x83 ./src/ConfigPIT.o
 .comment       0x0000008f       0x83 ./src/ConfigPWM.o
 .comment       0x0000008f       0x83 ./src/Config_eDMA.o
 .comment       0x0000008f       0x83 ./src/Current_Sensor.o
 .comment       0x0000008f       0x83 ./src/DSPIConfig.o
 .comment       0x0000008f       0x83 ./src/MPC57xx__Interrupt_Init.o
 .comment       0x0000008f       0x83 ./src/ModeEntryAndConfig.o
 .comment       0x0000008f       0x83 ./src/UARTConfig.o
 .comment       0x0000008f       0x83 ./src/User_Interface.o
 .comment       0x0000008f       0x83 ./src/Vector.o
 .comment       0x0000008f       0x83 ./src/eTimer.o
 .comment       0x0000008f       0x83 ./src/flashrchw.o
 .comment       0x0000008f       0x83 ./src/gd3000.o
 .comment       0x0000008f       0x83 ./src/intc_SW_mode_isr_vectors_MPC5744P.o
 .comment       0x0000008f       0x83 ./src/main.o
 .comment       0x0000008f       0x83 ./src/modele_moteur_virtuel.o
 .comment       0x0000008f       0x83 ./src/pga411.o
 .comment       0x0000008f       0x8e C:/NXP/S32DS_Power_v2.1/S32DS/software/AMMCLIB_1.1.15/MPC574xP_AMMCLIB_v1.1.15/lib/s32ds_ppc\MPC574xP_AMMCLIB.a(GFLIB_Sign_c.o)
                                 0x8f (size before relaxing)
 .comment       0x0000011d       0x8f C:/NXP/S32DS_Power_v2.1/S32DS/software/AMMCLIB_1.1.15/MPC574xP_AMMCLIB_v1.1.15/lib/s32ds_ppc\MPC574xP_AMMCLIB.a(GFLIB_SinCos_c.o)
 .comment       0x0000011d       0x8f C:/NXP/S32DS_Power_v2.1/S32DS/software/AMMCLIB_1.1.15/MPC574xP_AMMCLIB_v1.1.15/lib/s32ds_ppc\MPC574xP_AMMCLIB.a(GMCLIB_ClarkInv_c.o)
 .comment       0x0000011d       0x8f C:/NXP/S32DS_Power_v2.1/S32DS/software/AMMCLIB_1.1.15/MPC574xP_AMMCLIB_v1.1.15/lib/s32ds_ppc\MPC574xP_AMMCLIB.a(GMCLIB_Clark_c.o)
 .comment       0x0000011d       0x8f C:/NXP/S32DS_Power_v2.1/S32DS/software/AMMCLIB_1.1.15/MPC574xP_AMMCLIB_v1.1.15/lib/s32ds_ppc\MPC574xP_AMMCLIB.a(GMCLIB_ParkInv_c.o)
 .comment       0x0000011d       0x8f C:/NXP/S32DS_Power_v2.1/S32DS/software/AMMCLIB_1.1.15/MPC574xP_AMMCLIB_v1.1.15/lib/s32ds_ppc\MPC574xP_AMMCLIB.a(GMCLIB_Park_c.o)
 .comment       0x0000011d       0x83 c:/nxp/s32ds_power_v2.1/s32ds/build_tools/powerpc-eabivle-4_9/bin/../lib/gcc/powerpc-eabivle/4.9.4/e200z4/fp/crtend.o
 .comment       0x0000011d        0xd c:/nxp/s32ds_power_v2.1/s32ds/build_tools/powerpc-eabivle-4_9/bin/../lib/gcc/powerpc-eabivle/4.9.4/e200z4/fp/ecrtn.o
                                  0xe (size before relaxing)

.PPC.EMB.apuinfo
                0x00000000       0x1c
 .PPC.EMB.apuinfo
                0x00000000       0x18 c:/nxp/s32ds_power_v2.1/s32ds/build_tools/powerpc-eabivle-4_9/bin/../lib/gcc/powerpc-eabivle/4.9.4/e200z4/fp/ecrti.o
 .PPC.EMB.apuinfo
                0x00000018       0x18 c:/nxp/s32ds_power_v2.1/s32ds/build_tools/powerpc-eabivle-4_9/bin/../lib/gcc/powerpc-eabivle/4.9.4/e200z4/fp/crtbegin.o
 .PPC.EMB.apuinfo
                0x00000030       0x18 ./FreeMaster_MPC57xxx/src_common/freemaster_appcmd.o
 .PPC.EMB.apuinfo
                0x00000048       0x18 ./FreeMaster_MPC57xxx/src_common/freemaster_lin.o
 .PPC.EMB.apuinfo
                0x00000060       0x18 ./FreeMaster_MPC57xxx/src_common/freemaster_pipes.o
 .PPC.EMB.apuinfo
                0x00000078       0x18 ./FreeMaster_MPC57xxx/src_common/freemaster_protocol.o
 .PPC.EMB.apuinfo
                0x00000090       0x18 ./FreeMaster_MPC57xxx/src_common/freemaster_rec.o
 .PPC.EMB.apuinfo
                0x000000a8       0x18 ./FreeMaster_MPC57xxx/src_common/freemaster_scope.o
 .PPC.EMB.apuinfo
                0x000000c0       0x18 ./FreeMaster_MPC57xxx/src_common/freemaster_serial.o
 .PPC.EMB.apuinfo
                0x000000d8       0x18 ./FreeMaster_MPC57xxx/src_common/freemaster_tsa.o
 .PPC.EMB.apuinfo
                0x000000f0       0x18 ./FreeMaster_MPC57xxx/src_platforms/MPC57xx/freemaster_MPC57xx.o
 .PPC.EMB.apuinfo
                0x00000108       0x18 ./Project_Settings/Startup_Code/startup.o
 .PPC.EMB.apuinfo
                0x00000120       0x18 ./src/ClockConfig.o
 .PPC.EMB.apuinfo
                0x00000138       0x1c ./src/Cmd_moteur.o
 .PPC.EMB.apuinfo
                0x00000154       0x18 ./src/ConfigADC.o
 .PPC.EMB.apuinfo
                0x0000016c       0x18 ./src/ConfigCTU.o
 .PPC.EMB.apuinfo
                0x00000184       0x18 ./src/ConfigGPIO.o
 .PPC.EMB.apuinfo
                0x0000019c       0x18 ./src/ConfigPIT.o
 .PPC.EMB.apuinfo
                0x000001b4       0x18 ./src/ConfigPWM.o
 .PPC.EMB.apuinfo
                0x000001cc       0x18 ./src/Config_eDMA.o
 .PPC.EMB.apuinfo
                0x000001e4       0x1c ./src/Current_Sensor.o
 .PPC.EMB.apuinfo
                0x00000200       0x18 ./src/DSPIConfig.o
 .PPC.EMB.apuinfo
                0x00000218       0x18 ./src/MPC57xx__Interrupt_Init.o
 .PPC.EMB.apuinfo
                0x00000230       0x18 ./src/ModeEntryAndConfig.o
 .PPC.EMB.apuinfo
                0x00000248       0x18 ./src/UARTConfig.o
 .PPC.EMB.apuinfo
                0x00000260       0x18 ./src/User_Interface.o
 .PPC.EMB.apuinfo
                0x00000278       0x18 ./src/Vector.o
 .PPC.EMB.apuinfo
                0x00000290       0x18 ./src/eTimer.o
 .PPC.EMB.apuinfo
                0x000002a8       0x18 ./src/gd3000.o
 .PPC.EMB.apuinfo
                0x000002c0       0x18 ./src/intc_SW_mode_isr_vectors_MPC5744P.o
 .PPC.EMB.apuinfo
                0x000002d8       0x18 ./src/intc_sw_handlers.o
 .PPC.EMB.apuinfo
                0x000002f0       0x18 ./src/main.o
 .PPC.EMB.apuinfo
                0x00000308       0x1c ./src/modele_moteur_virtuel.o
 .PPC.EMB.apuinfo
                0x00000324       0x1c ./src/pga411.o
 .PPC.EMB.apuinfo
                0x00000340       0x1c C:/NXP/S32DS_Power_v2.1/S32DS/software/AMMCLIB_1.1.15/MPC574xP_AMMCLIB_v1.1.15/lib/s32ds_ppc\MPC574xP_AMMCLIB.a(GFLIB_Sign_c.o)
 .PPC.EMB.apuinfo
                0x0000035c       0x1c C:/NXP/S32DS_Power_v2.1/S32DS/software/AMMCLIB_1.1.15/MPC574xP_AMMCLIB_v1.1.15/lib/s32ds_ppc\MPC574xP_AMMCLIB.a(GFLIB_SinCos_c.o)
 .PPC.EMB.apuinfo
                0x00000378       0x1c C:/NXP/S32DS_Power_v2.1/S32DS/software/AMMCLIB_1.1.15/MPC574xP_AMMCLIB_v1.1.15/lib/s32ds_ppc\MPC574xP_AMMCLIB.a(GMCLIB_ClarkInv_c.o)
 .PPC.EMB.apuinfo
                0x00000394       0x1c C:/NXP/S32DS_Power_v2.1/S32DS/software/AMMCLIB_1.1.15/MPC574xP_AMMCLIB_v1.1.15/lib/s32ds_ppc\MPC574xP_AMMCLIB.a(GMCLIB_Clark_c.o)
 .PPC.EMB.apuinfo
                0x000003b0       0x1c C:/NXP/S32DS_Power_v2.1/S32DS/software/AMMCLIB_1.1.15/MPC574xP_AMMCLIB_v1.1.15/lib/s32ds_ppc\MPC574xP_AMMCLIB.a(GMCLIB_ParkInv_c.o)
 .PPC.EMB.apuinfo
                0x000003cc       0x1c C:/NXP/S32DS_Power_v2.1/S32DS/software/AMMCLIB_1.1.15/MPC574xP_AMMCLIB_v1.1.15/lib/s32ds_ppc\MPC574xP_AMMCLIB.a(GMCLIB_Park_c.o)
 .PPC.EMB.apuinfo
                0x000003e8       0x18 c:/nxp/s32ds_power_v2.1/s32ds/build_tools/powerpc-eabivle-4_9/bin/../lib/gcc/powerpc-eabivle/4.9.4/e200z4/fp\libgcc.a(_sf_to_df.o)
 .PPC.EMB.apuinfo
                0x00000400       0x18 c:/nxp/s32ds_power_v2.1/s32ds/build_tools/powerpc-eabivle-4_9/bin/../lib/gcc/powerpc-eabivle/4.9.4/e200z4/fp\libgcc.a(_gt_df.o)
 .PPC.EMB.apuinfo
                0x00000418       0x18 c:/nxp/s32ds_power_v2.1/s32ds/build_tools/powerpc-eabivle-4_9/bin/../lib/gcc/powerpc-eabivle/4.9.4/e200z4/fp\libgcc.a(_lt_df.o)
 .PPC.EMB.apuinfo
                0x00000430       0x18 c:/nxp/s32ds_power_v2.1/s32ds/build_tools/powerpc-eabivle-4_9/bin/../lib/gcc/powerpc-eabivle/4.9.4/e200z4/fp\libgcc.a(_le_df.o)
 .PPC.EMB.apuinfo
                0x00000448       0x18 c:/nxp/s32ds_power_v2.1/s32ds/build_tools/powerpc-eabivle-4_9/bin/../lib/gcc/powerpc-eabivle/4.9.4/e200z4/fp\libgcc.a(_make_df.o)
 .PPC.EMB.apuinfo
                0x00000460       0x18 c:/nxp/s32ds_power_v2.1/s32ds/build_tools/powerpc-eabivle-4_9/bin/../lib/gcc/powerpc-eabivle/4.9.4/e200z4/fp\libgcc.a(eabivle.o)
 .PPC.EMB.apuinfo
                0x00000478       0x18 c:/nxp/s32ds_power_v2.1/s32ds/build_tools/powerpc-eabivle-4_9/bin/../lib/gcc/powerpc-eabivle/4.9.4/e200z4/fp\libgcc.a(_unpack_sf.o)
 .PPC.EMB.apuinfo
                0x00000490       0x18 c:/nxp/s32ds_power_v2.1/s32ds/build_tools/powerpc-eabivle-4_9/bin/../lib/gcc/powerpc-eabivle/4.9.4/e200z4/fp\libgcc.a(_pack_df.o)
 .PPC.EMB.apuinfo
                0x000004a8       0x18 c:/nxp/s32ds_power_v2.1/s32ds/build_tools/powerpc-eabivle-4_9/bin/../lib/gcc/powerpc-eabivle/4.9.4/e200z4/fp\libgcc.a(_unpack_df.o)
 .PPC.EMB.apuinfo
                0x000004c0       0x18 c:/nxp/s32ds_power_v2.1/s32ds/build_tools/powerpc-eabivle-4_9/bin/../lib/gcc/powerpc-eabivle/4.9.4/e200z4/fp\libgcc.a(_fpcmp_parts_df.o)
 .PPC.EMB.apuinfo
                0x000004d8       0x18 c:/nxp/s32ds_power_v2.1/s32ds/build_tools/powerpc-eabivle-4_9/bin/../lib/gcc/powerpc-eabivle/4.9.4/e200z4/fp/crtend.o
 .PPC.EMB.apuinfo
                0x000004f0       0x18 c:/nxp/s32ds_power_v2.1/s32ds/build_tools/powerpc-eabivle-4_9/bin/../lib/gcc/powerpc-eabivle/4.9.4/e200z4/fp/ecrtn.o

.gnu.attributes
                0x00000000       0x12
 .gnu.attributes
                0x00000000       0x10 ./FreeMaster_MPC57xxx/src_common/freemaster_pipes.o
 .gnu.attributes
                0x00000010       0x12 ./src/Cmd_moteur.o
 .gnu.attributes
                0x00000022       0x10 ./src/ConfigADC.o
 .gnu.attributes
                0x00000032       0x12 ./src/Current_Sensor.o
 .gnu.attributes
                0x00000044       0x10 ./src/modele_moteur_virtuel.o
 .gnu.attributes
                0x00000054       0x12 ./src/pga411.o
 .gnu.attributes
                0x00000066       0x10 C:/NXP/S32DS_Power_v2.1/S32DS/software/AMMCLIB_1.1.15/MPC574xP_AMMCLIB_v1.1.15/lib/s32ds_ppc\MPC574xP_AMMCLIB.a(GFLIB_Sign_c.o)
 .gnu.attributes
                0x00000076       0x10 C:/NXP/S32DS_Power_v2.1/S32DS/software/AMMCLIB_1.1.15/MPC574xP_AMMCLIB_v1.1.15/lib/s32ds_ppc\MPC574xP_AMMCLIB.a(GFLIB_SinCos_c.o)
 .gnu.attributes
                0x00000086       0x10 c:/nxp/s32ds_power_v2.1/s32ds/build_tools/powerpc-eabivle-4_9/bin/../lib/gcc/powerpc-eabivle/4.9.4/e200z4/fp\libgcc.a(_sf_to_df.o)
 .gnu.attributes
                0x00000096       0x10 c:/nxp/s32ds_power_v2.1/s32ds/build_tools/powerpc-eabivle-4_9/bin/../lib/gcc/powerpc-eabivle/4.9.4/e200z4/fp\libgcc.a(_gt_df.o)
 .gnu.attributes
                0x000000a6       0x10 c:/nxp/s32ds_power_v2.1/s32ds/build_tools/powerpc-eabivle-4_9/bin/../lib/gcc/powerpc-eabivle/4.9.4/e200z4/fp\libgcc.a(_lt_df.o)
 .gnu.attributes
                0x000000b6       0x10 c:/nxp/s32ds_power_v2.1/s32ds/build_tools/powerpc-eabivle-4_9/bin/../lib/gcc/powerpc-eabivle/4.9.4/e200z4/fp\libgcc.a(_le_df.o)
 .gnu.attributes
                0x000000c6       0x10 c:/nxp/s32ds_power_v2.1/s32ds/build_tools/powerpc-eabivle-4_9/bin/../lib/gcc/powerpc-eabivle/4.9.4/e200z4/fp\libgcc.a(_make_df.o)
 .gnu.attributes
                0x000000d6       0x10 c:/nxp/s32ds_power_v2.1/s32ds/build_tools/powerpc-eabivle-4_9/bin/../lib/gcc/powerpc-eabivle/4.9.4/e200z4/fp\libgcc.a(_pack_df.o)

.debug_info     0x00000000    0x20378
 .debug_info    0x00000000      0x427 ./FreeMaster_MPC57xxx/src_common/freemaster_appcmd.o
 .debug_info    0x00000427       0xec ./FreeMaster_MPC57xxx/src_common/freemaster_lin.o
 .debug_info    0x00000513     0x11e5 ./FreeMaster_MPC57xxx/src_common/freemaster_pipes.o
 .debug_info    0x000016f8      0x447 ./FreeMaster_MPC57xxx/src_common/freemaster_protocol.o
 .debug_info    0x00001b3f      0x677 ./FreeMaster_MPC57xxx/src_common/freemaster_rec.o
 .debug_info    0x000021b6      0x190 ./FreeMaster_MPC57xxx/src_common/freemaster_scope.o
 .debug_info    0x00002346      0x45f ./FreeMaster_MPC57xxx/src_common/freemaster_serial.o
 .debug_info    0x000027a5      0x13b ./FreeMaster_MPC57xxx/src_common/freemaster_tsa.o
 .debug_info    0x000028e0      0x243 ./FreeMaster_MPC57xxx/src_platforms/MPC57xx/freemaster_MPC57xx.o
 .debug_info    0x00002b23       0x93 ./Project_Settings/Startup_Code/startup.o
 .debug_info    0x00002bb6     0x2916 ./src/ClockConfig.o
 .debug_info    0x000054cc      0x764 ./src/Cmd_moteur.o
 .debug_info    0x00005c30     0x2b6a ./src/ConfigADC.o
 .debug_info    0x0000879a     0x1b99 ./src/ConfigCTU.o
 .debug_info    0x0000a333     0x1729 ./src/ConfigGPIO.o
 .debug_info    0x0000ba5c      0x4b8 ./src/ConfigPIT.o
 .debug_info    0x0000bf14     0x165d ./src/ConfigPWM.o
 .debug_info    0x0000d571     0x2316 ./src/Config_eDMA.o
 .debug_info    0x0000f887     0x2c44 ./src/Current_Sensor.o
 .debug_info    0x000124cb     0x2188 ./src/DSPIConfig.o
 .debug_info    0x00014653      0x5d8 ./src/MPC57xx__Interrupt_Init.o
 .debug_info    0x00014c2b     0x2790 ./src/ModeEntryAndConfig.o
 .debug_info    0x000173bb     0x258e ./src/UARTConfig.o
 .debug_info    0x00019949       0x81 ./src/User_Interface.o
 .debug_info    0x000199ca       0x21 ./src/Vector.o
 .debug_info    0x000199eb      0xe98 ./src/eTimer.o
 .debug_info    0x0001a883       0x93 ./src/flashrchw.o
 .debug_info    0x0001a916     0x18be ./src/gd3000.o
 .debug_info    0x0001c1d4       0xb4 ./src/intc_SW_mode_isr_vectors_MPC5744P.o
 .debug_info    0x0001c288       0x82 ./src/intc_sw_handlers.o
 .debug_info    0x0001c30a     0x1ab0 ./src/main.o
 .debug_info    0x0001ddba      0x424 ./src/modele_moteur_virtuel.o
 .debug_info    0x0001e1de     0x219a ./src/pga411.o

.debug_abbrev   0x00000000     0x2a76
 .debug_abbrev  0x00000000      0x14e ./FreeMaster_MPC57xxx/src_common/freemaster_appcmd.o
 .debug_abbrev  0x0000014e       0x7b ./FreeMaster_MPC57xxx/src_common/freemaster_lin.o
 .debug_abbrev  0x000001c9      0x201 ./FreeMaster_MPC57xxx/src_common/freemaster_pipes.o
 .debug_abbrev  0x000003ca       0xee ./FreeMaster_MPC57xxx/src_common/freemaster_protocol.o
 .debug_abbrev  0x000004b8      0x22b ./FreeMaster_MPC57xxx/src_common/freemaster_rec.o
 .debug_abbrev  0x000006e3       0xc5 ./FreeMaster_MPC57xxx/src_common/freemaster_scope.o
 .debug_abbrev  0x000007a8      0x1f3 ./FreeMaster_MPC57xxx/src_common/freemaster_serial.o
 .debug_abbrev  0x0000099b       0x87 ./FreeMaster_MPC57xxx/src_common/freemaster_tsa.o
 .debug_abbrev  0x00000a22       0xc9 ./FreeMaster_MPC57xxx/src_platforms/MPC57xx/freemaster_MPC57xx.o
 .debug_abbrev  0x00000aeb       0x14 ./Project_Settings/Startup_Code/startup.o
 .debug_abbrev  0x00000aff      0x189 ./src/ClockConfig.o
 .debug_abbrev  0x00000c88      0x20f ./src/Cmd_moteur.o
 .debug_abbrev  0x00000e97      0x1c7 ./src/ConfigADC.o
 .debug_abbrev  0x0000105e      0x159 ./src/ConfigCTU.o
 .debug_abbrev  0x000011b7      0x16f ./src/ConfigGPIO.o
 .debug_abbrev  0x00001326      0x180 ./src/ConfigPIT.o
 .debug_abbrev  0x000014a6      0x1df ./src/ConfigPWM.o
 .debug_abbrev  0x00001685      0x173 ./src/Config_eDMA.o
 .debug_abbrev  0x000017f8      0x20e ./src/Current_Sensor.o
 .debug_abbrev  0x00001a06      0x220 ./src/DSPIConfig.o
 .debug_abbrev  0x00001c26      0x16e ./src/MPC57xx__Interrupt_Init.o
 .debug_abbrev  0x00001d94      0x166 ./src/ModeEntryAndConfig.o
 .debug_abbrev  0x00001efa      0x18e ./src/UARTConfig.o
 .debug_abbrev  0x00002088       0x45 ./src/User_Interface.o
 .debug_abbrev  0x000020cd       0x13 ./src/Vector.o
 .debug_abbrev  0x000020e0      0x15d ./src/eTimer.o
 .debug_abbrev  0x0000223d       0x4e ./src/flashrchw.o
 .debug_abbrev  0x0000228b      0x1dd ./src/gd3000.o
 .debug_abbrev  0x00002468       0x7c ./src/intc_SW_mode_isr_vectors_MPC5744P.o
 .debug_abbrev  0x000024e4       0x14 ./src/intc_sw_handlers.o
 .debug_abbrev  0x000024f8      0x164 ./src/main.o
 .debug_abbrev  0x0000265c      0x144 ./src/modele_moteur_virtuel.o
 .debug_abbrev  0x000027a0      0x2d6 ./src/pga411.o

.debug_aranges  0x00000000      0xd88
 .debug_aranges
                0x00000000       0x68 ./FreeMaster_MPC57xxx/src_common/freemaster_appcmd.o
 .debug_aranges
                0x00000068       0x28 ./FreeMaster_MPC57xxx/src_common/freemaster_lin.o
 .debug_aranges
                0x00000090      0x120 ./FreeMaster_MPC57xxx/src_common/freemaster_pipes.o
 .debug_aranges
                0x000001b0       0x70 ./FreeMaster_MPC57xxx/src_common/freemaster_protocol.o
 .debug_aranges
                0x00000220       0xb0 ./FreeMaster_MPC57xxx/src_common/freemaster_rec.o
 .debug_aranges
                0x000002d0       0x30 ./FreeMaster_MPC57xxx/src_common/freemaster_scope.o
 .debug_aranges
                0x00000300       0x70 ./FreeMaster_MPC57xxx/src_common/freemaster_serial.o
 .debug_aranges
                0x00000370       0x28 ./FreeMaster_MPC57xxx/src_common/freemaster_tsa.o
 .debug_aranges
                0x00000398       0x40 ./FreeMaster_MPC57xxx/src_platforms/MPC57xx/freemaster_MPC57xx.o
 .debug_aranges
                0x000003d8       0x20 ./Project_Settings/Startup_Code/startup.o
 .debug_aranges
                0x000003f8       0x58 ./src/ClockConfig.o
 .debug_aranges
                0x00000450       0x90 ./src/Cmd_moteur.o
 .debug_aranges
                0x000004e0       0x90 ./src/ConfigADC.o
 .debug_aranges
                0x00000570       0x70 ./src/ConfigCTU.o
 .debug_aranges
                0x000005e0       0x60 ./src/ConfigGPIO.o
 .debug_aranges
                0x00000640       0x60 ./src/ConfigPIT.o
 .debug_aranges
                0x000006a0       0x98 ./src/ConfigPWM.o
 .debug_aranges
                0x00000738       0x48 ./src/Config_eDMA.o
 .debug_aranges
                0x00000780       0x88 ./src/Current_Sensor.o
 .debug_aranges
                0x00000808       0xa8 ./src/DSPIConfig.o
 .debug_aranges
                0x000008b0       0x38 ./src/MPC57xx__Interrupt_Init.o
 .debug_aranges
                0x000008e8       0x38 ./src/ModeEntryAndConfig.o
 .debug_aranges
                0x00000920       0x58 ./src/UARTConfig.o
 .debug_aranges
                0x00000978       0x20 ./src/User_Interface.o
 .debug_aranges
                0x00000998       0x18 ./src/Vector.o
 .debug_aranges
                0x000009b0       0x90 ./src/eTimer.o
 .debug_aranges
                0x00000a40       0x18 ./src/flashrchw.o
 .debug_aranges
                0x00000a58       0xf0 ./src/gd3000.o
 .debug_aranges
                0x00000b48       0x20 ./src/intc_SW_mode_isr_vectors_MPC5744P.o
 .debug_aranges
                0x00000b68       0x20 ./src/intc_sw_handlers.o
 .debug_aranges
                0x00000b88       0x40 ./src/main.o
 .debug_aranges
                0x00000bc8       0x58 ./src/modele_moteur_virtuel.o
 .debug_aranges
                0x00000c20      0x168 ./src/pga411.o

.debug_ranges   0x00000000      0xb48
 .debug_ranges  0x00000000       0x58 ./FreeMaster_MPC57xxx/src_common/freemaster_appcmd.o
 .debug_ranges  0x00000058       0x18 ./FreeMaster_MPC57xxx/src_common/freemaster_lin.o
 .debug_ranges  0x00000070      0x110 ./FreeMaster_MPC57xxx/src_common/freemaster_pipes.o
 .debug_ranges  0x00000180       0x60 ./FreeMaster_MPC57xxx/src_common/freemaster_protocol.o
 .debug_ranges  0x000001e0       0xa0 ./FreeMaster_MPC57xxx/src_common/freemaster_rec.o
 .debug_ranges  0x00000280       0x20 ./FreeMaster_MPC57xxx/src_common/freemaster_scope.o
 .debug_ranges  0x000002a0       0x60 ./FreeMaster_MPC57xxx/src_common/freemaster_serial.o
 .debug_ranges  0x00000300       0x18 ./FreeMaster_MPC57xxx/src_common/freemaster_tsa.o
 .debug_ranges  0x00000318       0x30 ./FreeMaster_MPC57xxx/src_platforms/MPC57xx/freemaster_MPC57xx.o
 .debug_ranges  0x00000348       0x48 ./src/ClockConfig.o
 .debug_ranges  0x00000390       0x80 ./src/Cmd_moteur.o
 .debug_ranges  0x00000410       0x80 ./src/ConfigADC.o
 .debug_ranges  0x00000490       0x60 ./src/ConfigCTU.o
 .debug_ranges  0x000004f0       0x50 ./src/ConfigGPIO.o
 .debug_ranges  0x00000540       0x50 ./src/ConfigPIT.o
 .debug_ranges  0x00000590       0x88 ./src/ConfigPWM.o
 .debug_ranges  0x00000618       0x38 ./src/Config_eDMA.o
 .debug_ranges  0x00000650       0x78 ./src/Current_Sensor.o
 .debug_ranges  0x000006c8       0x98 ./src/DSPIConfig.o
 .debug_ranges  0x00000760       0x28 ./src/MPC57xx__Interrupt_Init.o
 .debug_ranges  0x00000788       0x28 ./src/ModeEntryAndConfig.o
 .debug_ranges  0x000007b0       0x48 ./src/UARTConfig.o
 .debug_ranges  0x000007f8       0x10 ./src/User_Interface.o
 .debug_ranges  0x00000808       0x80 ./src/eTimer.o
 .debug_ranges  0x00000888       0xe0 ./src/gd3000.o
 .debug_ranges  0x00000968       0x10 ./src/intc_SW_mode_isr_vectors_MPC5744P.o
 .debug_ranges  0x00000978       0x30 ./src/main.o
 .debug_ranges  0x000009a8       0x48 ./src/modele_moteur_virtuel.o
 .debug_ranges  0x000009f0      0x158 ./src/pga411.o

.debug_macro    0x00000000    0x1c325
 .debug_macro   0x00000000       0x86 ./FreeMaster_MPC57xxx/src_common/freemaster_appcmd.o
 .debug_macro   0x00000086      0x61c ./FreeMaster_MPC57xxx/src_common/freemaster_appcmd.o
 .debug_macro   0x000006a2       0x52 ./FreeMaster_MPC57xxx/src_common/freemaster_appcmd.o
 .debug_macro   0x000006f4       0xa0 ./FreeMaster_MPC57xxx/src_common/freemaster_appcmd.o
 .debug_macro   0x00000794       0x16 ./FreeMaster_MPC57xxx/src_common/freemaster_appcmd.o